.F                                                                       [100%]
================================== FAILURES ===================================
_________ test_watcher_completes_when_lease_was_already_fenced[True] __________
..\okto-nexus-connector-core\tests\test_preexpired_lease_watcher.py:37: in test_watcher_completes_when_lease_was_already_fenced
    asyncio.run(run())
C:\Python313\Lib\asyncio\runners.py:194: in run
    return runner.run(main)
           ^^^^^^^^^^^^^^^^
C:\Python313\Lib\asyncio\runners.py:118: in run
    return self._loop.run_until_complete(task)
           ^^^^^^^^^^^^^^^^^^^^^^^^^^^^^^^^^^^
C:\Python313\Lib\asyncio\base_events.py:720: in run_until_complete
    return future.result()
           ^^^^^^^^^^^^^^^
..\okto-nexus-connector-core\src\nexus_connector_core\runtime.py:1523: in _evict
    await asyncio.wait_for(asyncio.shield(task),
C:\Python313\Lib\asyncio\tasks.py:507: in wait_for
    return await fut
           ^^^^^^^^^
..\okto-nexus-connector-core\src\nexus_connector_core\runtime.py:2371: in _watch_lease
    if expired_event_pending:
       ^^^^^^^^^^^^^^^^^^^^^
E   UnboundLocalError: cannot access local variable 'expired_event_pending' where it is not associated with a value
=========================== short test summary info ===========================
FAILED ..\okto-nexus-connector-core\tests\test_preexpired_lease_watcher.py::test_watcher_completes_when_lease_was_already_fenced[True]
1 failed, 1 passed in 0.80s
