.......................FF............................................... [ 88%]
.........                                                                [100%]
================================== FAILURES ===================================
_ test_public_controls_preserve_ids_authority_and_expired_containment[revoke] _
D:\Projetos\Techridy\okto_labs_okto_nexus\tests\execution_r4\test_canonical_controls.py:299: in test_public_controls_preserve_ids_authority_and_expired_containment
    asyncio.run(run())
C:\Python313\Lib\asyncio\runners.py:194: in run
    return runner.run(main)
           ^^^^^^^^^^^^^^^^
C:\Python313\Lib\asyncio\runners.py:118: in run
    return self._loop.run_until_complete(task)
           ^^^^^^^^^^^^^^^^^^^^^^^^^^^^^^^^^^^
C:\Python313\Lib\asyncio\base_events.py:720: in run_until_complete
    return future.result()
           ^^^^^^^^^^^^^^^
D:\Projetos\Techridy\okto_labs_okto_nexus\tests\execution_r4\test_canonical_controls.py:154: in run
    assert response.status_code == 400, response.text
E   AssertionError: {"error":{"code":"VALIDATION_ERROR","stage":"intent.resolve","message":"Invalid native turn target.","possible_effect":false,"retry_safe":false,"operation_id":null,"action":""}}
E   assert 422 == 400
E    +  where 422 = <Response [422 Unprocessable Entity]>.status_code
_ test_public_controls_preserve_ids_authority_and_expired_containment[close] __
D:\Projetos\Techridy\okto_labs_okto_nexus\tests\execution_r4\test_canonical_controls.py:299: in test_public_controls_preserve_ids_authority_and_expired_containment
    asyncio.run(run())
C:\Python313\Lib\asyncio\runners.py:194: in run
    return runner.run(main)
           ^^^^^^^^^^^^^^^^
C:\Python313\Lib\asyncio\runners.py:118: in run
    return self._loop.run_until_complete(task)
           ^^^^^^^^^^^^^^^^^^^^^^^^^^^^^^^^^^^
C:\Python313\Lib\asyncio\base_events.py:720: in run_until_complete
    return future.result()
           ^^^^^^^^^^^^^^^
D:\Projetos\Techridy\okto_labs_okto_nexus\tests\execution_r4\test_canonical_controls.py:154: in run
    assert response.status_code == 400, response.text
E   AssertionError: {"error":{"code":"VALIDATION_ERROR","stage":"intent.resolve","message":"Invalid native turn target.","possible_effect":false,"retry_safe":false,"operation_id":null,"action":""}}
E   assert 422 == 400
E    +  where 422 = <Response [422 Unprocessable Entity]>.status_code
============================== warnings summary ===============================
..\okto-r4-native-installed-zk_r383i\Lib\site-packages\fastapi\testclient.py:1
  C:\Users\jpamb\AppData\Local\Temp\okto-r4-native-installed-zk_r383i\Lib\site-packages\fastapi\testclient.py:1: StarletteDeprecationWarning: Using `httpx` with `starlette.testclient` is deprecated; install `httpx2` instead.
    from starlette.testclient import TestClient as TestClient  # noqa

-- Docs: https://docs.pytest.org/en/stable/how-to/capture-warnings.html
=========================== short test summary info ===========================
FAILED D:\Projetos\Techridy\okto_labs_okto_nexus\tests\execution_r4\test_canonical_controls.py::test_public_controls_preserve_ids_authority_and_expired_containment[revoke]
FAILED D:\Projetos\Techridy\okto_labs_okto_nexus\tests\execution_r4\test_canonical_controls.py::test_public_controls_preserve_ids_authority_and_expired_containment[close]
2 failed, 79 passed, 1 warning in 180.73s (0:03:00)
