...............................................F........................ [ 54%]
............................................................             [100%]
================================== FAILURES ===================================
________________________________ test_ns08_03 _________________________________

tmp_path = WindowsPath('C:/Users/jpamb/AppData/Local/Temp/pytest-of-jpamb/pytest-4119/test_ns08_030')
monkeypatch = <_pytest.monkeypatch.MonkeyPatch object at 0x000001A269EC24A0>

    def test_ns08_03(tmp_path, monkeypatch):
        deps = bootstrap({}, ["--home", str(tmp_path / "home")])
        app = build_app(deps)
        factory = deps.connection_factory
        with factory.unit_of_work() as uow:
            uow.connection.execute(
                "INSERT INTO agents(agent_id,created_at) VALUES ('agent',?)",
                ("2026-09-29T00:00:00Z",),
            )
            app.state.auth.issue_key(uow, agent_id="agent")
        registration = register_remote_executor(
            factory, actor_agent_id="agent", connector_id="connector",
            client_intent_id="registration",
        )
        installation = ensure_execution_installation(factory)
        ticket = issue_execution_ticket(
            factory, server_id=installation.server_id,
            executor_id=registration.executor_id, agent_id="agent",
            binding_id=None,
        ).ticket
        info = executor_link.protocol_info()
        monkeypatch.setattr(executor_link, "protocol_info", lambda: {
            **info, "remote_execution_ready": True,
            "nxl_accepted": [R4_PREVIEW_REVISION],
        })
        base = {"protocol_major": 1, "contract_revision": R4_PREVIEW_REVISION,
                "server_id": installation.server_id,
                "executor_id": registration.executor_id}
        path = ("wss://127.0.0.1:8202/v1/runtime/executors/"
                f"{registration.executor_id}/link")
        with TestClient(app, base_url="https://127.0.0.1:8202") as client:
            with client.websocket_connect(
                    path, headers={"Authorization": f"Bearer {ticket}"},
                    subprotocols=["nxl.v1"]) as ws:
                hello = {
                    **base, "type": "hello", "link_attempt_id": "attempt",
                    "core_version": CORE_VERSION,
                    "management_revision": info["management_revision"],
                    "supported_nxl": [R4_PREVIEW_REVISION],
                    "snapshot_formats": [info["executor_snapshot_format"]],
                    "control_capabilities": [],
                }
                ws.send_text(encode_r4_frame(hello).decode("utf-8"))
                welcome = ws.receive_json()
                first = ws.receive_json()
                assert first["type"] == "reconcile.request"
                scope = {
                    **base, "connection_id": welcome["connection_id"],
                    "connection_generation": welcome["connection_generation"],
                }
                unavailable = {
                    **scope, "type": "error", "code": "JOURNAL_UNAVAILABLE",
                    "stage": "reconcile.report", "possible_effect": False,
                    "retry_safe": True,
                }
                ws.send_text(encode_r4_frame(unavailable).decode("utf-8"))
                with factory.unit_of_work(write=False) as uow:
                    state = uow.connection.execute(
                        "SELECT control_state FROM execution_executors "
                        "WHERE executor_id=?", (registration.executor_id,),
                    ).fetchone()[0]
                    assert state == "RECOVERING"
                ws.send_text(encode_r4_frame({
                    **scope, "type": "heartbeat",
                }).decode("utf-8"))
                retry = ws.receive_json()
                assert retry["type"] == "reconcile.request"
>               assert retry["reconcile_id"] != first["reconcile_id"]
E               AssertionError: assert 'rec_5884ead5f1b0059276aa00ca1a82e46b' != 'rec_5884ead5f1b0059276aa00ca1a82e46b'

D:\Projetos\Techridy\okto_labs_okto_nexus\tests\execution_r4\test_ns08.py:379: AssertionError
============================== warnings summary ===============================
..\okto-r4-native-installed-zk_r383i\Lib\site-packages\fastapi\testclient.py:1
  C:\Users\jpamb\AppData\Local\Temp\okto-r4-native-installed-zk_r383i\Lib\site-packages\fastapi\testclient.py:1: StarletteDeprecationWarning: Using `httpx` with `starlette.testclient` is deprecated; install `httpx2` instead.
    from starlette.testclient import TestClient as TestClient  # noqa

-- Docs: https://docs.pytest.org/en/stable/how-to/capture-warnings.html
=========================== short test summary info ===========================
FAILED D:\Projetos\Techridy\okto_labs_okto_nexus\tests\execution_r4\test_ns08.py::test_ns08_03
1 failed, 131 passed, 1 warning in 430.53s (0:07:10)
