F                                                                        [100%]
================================== FAILURES ===================================
_________ test_connector_public_commands_publish_realization_over_tcp _________
D:\Projetos\Techridy\okto_labs_okto_nexus\tests\execution_r4\test_executor_onboarding_cli.py:112: in test_connector_public_commands_publish_realization_over_tcp
    asyncio.run(run())
C:\Python313\Lib\asyncio\runners.py:194: in run
    return runner.run(main)
           ^^^^^^^^^^^^^^^^
C:\Python313\Lib\asyncio\runners.py:118: in run
    return self._loop.run_until_complete(task)
           ^^^^^^^^^^^^^^^^^^^^^^^^^^^^^^^^^^^
C:\Python313\Lib\asyncio\base_events.py:720: in run_until_complete
    return future.result()
           ^^^^^^^^^^^^^^^
D:\Projetos\Techridy\okto_labs_okto_nexus\tests\execution_r4\test_executor_onboarding_cli.py:92: in run
    result = await execute(words)
             ^^^^^^^^^^^^^^^^^^^^
D:\Projetos\Techridy\okto_labs_okto_nexus\tests\execution_r4\test_executor_onboarding_cli.py:67: in execute
    return await run_executor(parser.parse_args(["executor", *words]), output, root)
           ^^^^^^^^^^^^^^^^^^^^^^^^^^^^^^^^^^^^^^^^^^^^^^^^^^^^^^^^^^^^^^^^^^^^^^^^^
..\okto-r4-native-installed-zk_r383i\Lib\site-packages\okto_nexus_connector\cli\commands\executor.py:31: in run_executor
    result = await service.realize(identity_alias=args.identity, client_intent_id=args.client_intent_id,
..\okto-r4-native-installed-zk_r383i\Lib\site-packages\okto_nexus_connector\services\executor_onboarding.py:123: in realize
    published = await http.publish_r4_realization(bootstrap.ticket,
..\okto-r4-native-installed-zk_r383i\Lib\site-packages\okto_nexus_connector\transport\https_client.py:546: in publish_r4_realization
    payload = await self._request(
..\okto-r4-native-installed-zk_r383i\Lib\site-packages\okto_nexus_connector\transport\https_client.py:380: in _request
    raise ConnectorError("VERSION_INCOMPATIBLE", "http",
E   okto_nexus_connector.errors.ConnectorError: VERSION_INCOMPATIBLE (http): Server management revision is incompatible
---------------------------- Captured stderr call -----------------------------
ERROR:    Exception in ASGI application
  + Exception Group Traceback (most recent call last):
  |   File "C:\Users\jpamb\AppData\Local\Temp\okto-r4-native-installed-zk_r383i\Lib\site-packages\starlette\_utils.py", line 107, in create_collapsing_task_group
  |     async with anyio.create_task_group() as tg:
  |                ~~~~~~~~~~~~~~~~~~~~~~~^^
  |   File "C:\Users\jpamb\AppData\Local\Temp\okto-r4-native-installed-zk_r383i\Lib\site-packages\anyio\_backends\_asyncio.py", line 847, in __aexit__
  |     raise BaseExceptionGroup(
  |         "unhandled errors in a TaskGroup", self._exceptions
  |     ) from None
  | ExceptionGroup: unhandled errors in a TaskGroup (1 sub-exception)
  +-+---------------- 1 ----------------
    | Traceback (most recent call last):
    |   File "C:\Users\jpamb\AppData\Local\Temp\okto-r4-native-installed-zk_r383i\Lib\site-packages\uvicorn\protocols\http\h11_impl.py", line 411, in run_asgi
    |     result = await app(  # type: ignore[func-returns-value]
    |              ^^^^^^^^^^^^^^^^^^^^^^^^^^^^^^^^^^^^^^^^^^^^^^
    |         self.scope, self.receive, self.send
    |         ^^^^^^^^^^^^^^^^^^^^^^^^^^^^^^^^^^^
    |     )
    |     ^
    |   File "C:\Users\jpamb\AppData\Local\Temp\okto-r4-native-installed-zk_r383i\Lib\site-packages\uvicorn\middleware\proxy_headers.py", line 63, in __call__
    |     return await self.app(scope, receive, send)
    |            ^^^^^^^^^^^^^^^^^^^^^^^^^^^^^^^^^^^^
    |   File "C:\Users\jpamb\AppData\Local\Temp\okto-r4-native-installed-zk_r383i\Lib\site-packages\fastapi\applications.py", line 1215, in __call__
    |     await super().__call__(scope, receive, send)
    |   File "C:\Users\jpamb\AppData\Local\Temp\okto-r4-native-installed-zk_r383i\Lib\site-packages\starlette\applications.py", line 96, in __call__
    |     await self.middleware_stack(scope, receive, send)
    |   File "C:\Users\jpamb\AppData\Local\Temp\okto-r4-native-installed-zk_r383i\Lib\site-packages\starlette\middleware\errors.py", line 186, in __call__
    |     raise exc
    |   File "C:\Users\jpamb\AppData\Local\Temp\okto-r4-native-installed-zk_r383i\Lib\site-packages\starlette\middleware\errors.py", line 164, in __call__
    |     await self.app(scope, receive, _send)
    |   File "C:\Users\jpamb\AppData\Local\Temp\okto-r4-native-installed-zk_r383i\Lib\site-packages\fastapi\telemetry\_asgi.py", line 151, in __call__
    |     await self.app(scope, receive, send)
    |   File "C:\Users\jpamb\AppData\Local\Temp\okto-r4-native-installed-zk_r383i\Lib\site-packages\starlette\middleware\base.py", line 197, in __call__
    |     response = await self.dispatch_func(request, call_next)
    |                ^^^^^^^^^^^^^^^^^^^^^^^^^^^^^^^^^^^^^^^^^^^^
    |   File "C:\Users\jpamb\AppData\Local\Temp\okto-r4-native-installed-zk_r383i\Lib\site-packages\okto_nexus\adapters\inbound\http\app.py", line 362, in dispatch
    |     response = await call_next(request)
    |                ^^^^^^^^^^^^^^^^^^^^^^^^
    |   File "C:\Users\jpamb\AppData\Local\Temp\okto-r4-native-installed-zk_r383i\Lib\site-packages\starlette\middleware\base.py", line 173, in call_next
    |     raise app_exc from app_exc.__cause__ or app_exc.__context__
    |   File "C:\Users\jpamb\AppData\Local\Temp\okto-r4-native-installed-zk_r383i\Lib\site-packages\starlette\middleware\base.py", line 149, in coro
    |     await self.app(scope, receive_or_disconnect, send_no_error)
    |   File "C:\Users\jpamb\AppData\Local\Temp\okto-r4-native-installed-zk_r383i\Lib\site-packages\starlette\middleware\base.py", line 197, in __call__
    |     response = await self.dispatch_func(request, call_next)
    |                ^^^^^^^^^^^^^^^^^^^^^^^^^^^^^^^^^^^^^^^^^^^^
    |   File "C:\Users\jpamb\AppData\Local\Temp\okto-r4-native-installed-zk_r383i\Lib\site-packages\okto_nexus\adapters\inbound\http\app.py", line 227, in dispatch
    |     return await call_next(request)
    |            ^^^^^^^^^^^^^^^^^^^^^^^^
    |   File "C:\Users\jpamb\AppData\Local\Temp\okto-r4-native-installed-zk_r383i\Lib\site-packages\starlette\middleware\base.py", line 173, in call_next
    |     raise app_exc from app_exc.__cause__ or app_exc.__context__
    |   File "C:\Users\jpamb\AppData\Local\Temp\okto-r4-native-installed-zk_r383i\Lib\site-packages\starlette\middleware\base.py", line 149, in coro
    |     await self.app(scope, receive_or_disconnect, send_no_error)
    |   File "C:\Users\jpamb\AppData\Local\Temp\okto-r4-native-installed-zk_r383i\Lib\site-packages\starlette\middleware\base.py", line 197, in __call__
    |     response = await self.dispatch_func(request, call_next)
    |                ^^^^^^^^^^^^^^^^^^^^^^^^^^^^^^^^^^^^^^^^^^^^
    |   File "C:\Users\jpamb\AppData\Local\Temp\okto-r4-native-installed-zk_r383i\Lib\site-packages\okto_nexus\adapters\inbound\http\app.py", line 377, in dispatch
    |     return await call_next(request)
    |            ^^^^^^^^^^^^^^^^^^^^^^^^
    |   File "C:\Users\jpamb\AppData\Local\Temp\okto-r4-native-installed-zk_r383i\Lib\site-packages\starlette\middleware\base.py", line 173, in call_next
    |     raise app_exc from app_exc.__cause__ or app_exc.__context__
    |   File "C:\Users\jpamb\AppData\Local\Temp\okto-r4-native-installed-zk_r383i\Lib\site-packages\starlette\middleware\base.py", line 149, in coro
    |     await self.app(scope, receive_or_disconnect, send_no_error)
    |   File "C:\Users\jpamb\AppData\Local\Temp\okto-r4-native-installed-zk_r383i\Lib\site-packages\starlette\middleware\exceptions.py", line 63, in __call__
    |     await wrap_app_handling_exceptions(self.app, conn)(scope, receive, send)
    |   File "C:\Users\jpamb\AppData\Local\Temp\okto-r4-native-installed-zk_r383i\Lib\site-packages\starlette\_exception_handler.py", line 53, in wrapped_app
    |     raise exc
    |   File "C:\Users\jpamb\AppData\Local\Temp\okto-r4-native-installed-zk_r383i\Lib\site-packages\starlette\_exception_handler.py", line 42, in wrapped_app
    |     await app(scope, receive, sender)
    |   File "C:\Users\jpamb\AppData\Local\Temp\okto-r4-native-installed-zk_r383i\Lib\site-packages\fastapi\middleware\asyncexitstack.py", line 18, in __call__
    |     await self.app(scope, receive, send)
    |   File "C:\Users\jpamb\AppData\Local\Temp\okto-r4-native-installed-zk_r383i\Lib\site-packages\starlette\routing.py", line 676, in __call__
    |     await self.middleware_stack(scope, receive, send)
    |   File "C:\Users\jpamb\AppData\Local\Temp\okto-r4-native-installed-zk_r383i\Lib\site-packages\fastapi\routing.py", line 2786, in app
    |     await route.handle(scope, receive, send)
    |   File "C:\Users\jpamb\AppData\Local\Temp\okto-r4-native-installed-zk_r383i\Lib\site-packages\fastapi\routing.py", line 1817, in handle
    |     await self.original_router.handle(scope, receive, send)
    |   File "C:\Users\jpamb\AppData\Local\Temp\okto-r4-native-installed-zk_r383i\Lib\site-packages\fastapi\routing.py", line 2869, in handle
    |     await included_router._handle_selected(scope, receive, send)
    |   File "C:\Users\jpamb\AppData\Local\Temp\okto-r4-native-installed-zk_r383i\Lib\site-packages\fastapi\routing.py", line 1843, in _handle_selected
    |     await original_route.handle(scope, receive, send)
    |   File "C:\Users\jpamb\AppData\Local\Temp\okto-r4-native-installed-zk_r383i\Lib\site-packages\fastapi\routing.py", line 1308, in handle
    |     await effective_context.app(scope, receive, send)
    |   File "C:\Users\jpamb\AppData\Local\Temp\okto-r4-native-installed-zk_r383i\Lib\site-packages\fastapi\routing.py", line 165, in app
    |     await wrap_app_handling_exceptions(app, request)(scope, receive, send)
    |   File "C:\Users\jpamb\AppData\Local\Temp\okto-r4-native-installed-zk_r383i\Lib\site-packages\starlette\_exception_handler.py", line 53, in wrapped_app
    |     raise exc
    |   File "C:\Users\jpamb\AppData\Local\Temp\okto-r4-native-installed-zk_r383i\Lib\site-packages\starlette\_exception_handler.py", line 42, in wrapped_app
    |     await app(scope, receive, sender)
    |   File "C:\Users\jpamb\AppData\Local\Temp\okto-r4-native-installed-zk_r383i\Lib\site-packages\fastapi\routing.py", line 151, in app
    |     response = await f(request)
    |                ^^^^^^^^^^^^^^^^
    |   File "C:\Users\jpamb\AppData\Local\Temp\okto-r4-native-installed-zk_r383i\Lib\site-packages\fastapi\routing.py", line 727, in app
    |     raw_response = await run_endpoint_function(
    |                    ^^^^^^^^^^^^^^^^^^^^^^^^^^^^
    |     ...<3 lines>...
    |     )
    |     ^
    |   File "C:\Users\jpamb\AppData\Local\Temp\okto-r4-native-installed-zk_r383i\Lib\site-packages\fastapi\routing.py", line 360, in run_endpoint_function
    |     return await dependant.call(**values)
    |            ^^^^^^^^^^^^^^^^^^^^^^^^^^^^^^
    |   File "C:\Users\jpamb\AppData\Local\Temp\okto-r4-native-installed-zk_r383i\Lib\site-packages\okto_nexus\adapters\inbound\http\runtime_v1.py", line 359, in publish_realization
    |     publication = await anyio.to_thread.run_sync(_publish)
    |                   ^^^^^^^^^^^^^^^^^^^^^^^^^^^^^^^^^^^^^^^^
    |   File "C:\Users\jpamb\AppData\Local\Temp\okto-r4-native-installed-zk_r383i\Lib\site-packages\anyio\to_thread.py", line 65, in run_sync
    |     return await get_async_backend().run_sync_in_worker_thread(
    |            ^^^^^^^^^^^^^^^^^^^^^^^^^^^^^^^^^^^^^^^^^^^^^^^^^^^^
    |         func, args, abandon_on_cancel=abandon_on_cancel, limiter=limiter
    |         ^^^^^^^^^^^^^^^^^^^^^^^^^^^^^^^^^^^^^^^^^^^^^^^^^^^^^^^^^^^^^^^^
    |     )
    |     ^
    |   File "C:\Users\jpamb\AppData\Local\Temp\okto-r4-native-installed-zk_r383i\Lib\site-packages\anyio\_backends\_asyncio.py", line 2706, in run_sync_in_worker_thread
    |     return await future
    |            ^^^^^^^^^^^^
    |   File "C:\Users\jpamb\AppData\Local\Temp\okto-r4-native-installed-zk_r383i\Lib\site-packages\anyio\_backends\_asyncio.py", line 1100, in run
    |     result = context.run(func, *args)
    |   File "C:\Users\jpamb\AppData\Local\Temp\okto-r4-native-installed-zk_r383i\Lib\site-packages\okto_nexus\adapters\inbound\http\runtime_v1.py", line 352, in _publish
    |     principal = verify_execution_ticket(
    |         factory, ticket=token, server_id=installation.server_id,
    |         executor_id=executor_id, scope="realization:publish",
    |     )
    |   File "C:\Users\jpamb\AppData\Local\Temp\okto-r4-native-installed-zk_r383i\Lib\site-packages\okto_nexus\adapters\outbound\sqlite\execution_tickets.py", line 271, in verify_execution_ticket
    |     raise OktoNexusError(ErrorCode.PERMISSION_DENIED,
    |                           "The execution ticket is invalid for this target.", {})
    | okto_nexus.errors.OktoNexusError: PERMISSION_DENIED: The execution ticket is invalid for this target.
    +------------------------------------

The above exception was the direct cause of the following exception:

Traceback (most recent call last):
  File "C:\Users\jpamb\AppData\Local\Temp\okto-r4-native-installed-zk_r383i\Lib\site-packages\uvicorn\protocols\http\h11_impl.py", line 411, in run_asgi
    result = await app(  # type: ignore[func-returns-value]
             ^^^^^^^^^^^^^^^^^^^^^^^^^^^^^^^^^^^^^^^^^^^^^^
        self.scope, self.receive, self.send
        ^^^^^^^^^^^^^^^^^^^^^^^^^^^^^^^^^^^
    )
    ^
  File "C:\Users\jpamb\AppData\Local\Temp\okto-r4-native-installed-zk_r383i\Lib\site-packages\uvicorn\middleware\proxy_headers.py", line 63, in __call__
    return await self.app(scope, receive, send)
           ^^^^^^^^^^^^^^^^^^^^^^^^^^^^^^^^^^^^
  File "C:\Users\jpamb\AppData\Local\Temp\okto-r4-native-installed-zk_r383i\Lib\site-packages\fastapi\applications.py", line 1215, in __call__
    await super().__call__(scope, receive, send)
  File "C:\Users\jpamb\AppData\Local\Temp\okto-r4-native-installed-zk_r383i\Lib\site-packages\starlette\applications.py", line 96, in __call__
    await self.middleware_stack(scope, receive, send)
  File "C:\Users\jpamb\AppData\Local\Temp\okto-r4-native-installed-zk_r383i\Lib\site-packages\starlette\middleware\errors.py", line 186, in __call__
    raise exc
  File "C:\Users\jpamb\AppData\Local\Temp\okto-r4-native-installed-zk_r383i\Lib\site-packages\starlette\middleware\errors.py", line 164, in __call__
    await self.app(scope, receive, _send)
  File "C:\Users\jpamb\AppData\Local\Temp\okto-r4-native-installed-zk_r383i\Lib\site-packages\fastapi\telemetry\_asgi.py", line 151, in __call__
    await self.app(scope, receive, send)
  File "C:\Users\jpamb\AppData\Local\Temp\okto-r4-native-installed-zk_r383i\Lib\site-packages\starlette\middleware\base.py", line 197, in __call__
    response = await self.dispatch_func(request, call_next)
               ^^^^^^^^^^^^^^^^^^^^^^^^^^^^^^^^^^^^^^^^^^^^
  File "C:\Users\jpamb\AppData\Local\Temp\okto-r4-native-installed-zk_r383i\Lib\site-packages\okto_nexus\adapters\inbound\http\app.py", line 362, in dispatch
    response = await call_next(request)
               ^^^^^^^^^^^^^^^^^^^^^^^^
  File "C:\Users\jpamb\AppData\Local\Temp\okto-r4-native-installed-zk_r383i\Lib\site-packages\starlette\middleware\base.py", line 173, in call_next
    raise app_exc from app_exc.__cause__ or app_exc.__context__
  File "C:\Users\jpamb\AppData\Local\Temp\okto-r4-native-installed-zk_r383i\Lib\site-packages\starlette\middleware\base.py", line 149, in coro
    await self.app(scope, receive_or_disconnect, send_no_error)
  File "C:\Users\jpamb\AppData\Local\Temp\okto-r4-native-installed-zk_r383i\Lib\site-packages\starlette\middleware\base.py", line 197, in __call__
    response = await self.dispatch_func(request, call_next)
               ^^^^^^^^^^^^^^^^^^^^^^^^^^^^^^^^^^^^^^^^^^^^
  File "C:\Users\jpamb\AppData\Local\Temp\okto-r4-native-installed-zk_r383i\Lib\site-packages\okto_nexus\adapters\inbound\http\app.py", line 227, in dispatch
    return await call_next(request)
           ^^^^^^^^^^^^^^^^^^^^^^^^
  File "C:\Users\jpamb\AppData\Local\Temp\okto-r4-native-installed-zk_r383i\Lib\site-packages\starlette\middleware\base.py", line 173, in call_next
    raise app_exc from app_exc.__cause__ or app_exc.__context__
  File "C:\Users\jpamb\AppData\Local\Temp\okto-r4-native-installed-zk_r383i\Lib\site-packages\starlette\middleware\base.py", line 149, in coro
    await self.app(scope, receive_or_disconnect, send_no_error)
  File "C:\Users\jpamb\AppData\Local\Temp\okto-r4-native-installed-zk_r383i\Lib\site-packages\starlette\middleware\base.py", line 197, in __call__
    response = await self.dispatch_func(request, call_next)
               ^^^^^^^^^^^^^^^^^^^^^^^^^^^^^^^^^^^^^^^^^^^^
  File "C:\Users\jpamb\AppData\Local\Temp\okto-r4-native-installed-zk_r383i\Lib\site-packages\okto_nexus\adapters\inbound\http\app.py", line 377, in dispatch
    return await call_next(request)
           ^^^^^^^^^^^^^^^^^^^^^^^^
  File "C:\Users\jpamb\AppData\Local\Temp\okto-r4-native-installed-zk_r383i\Lib\site-packages\starlette\middleware\base.py", line 173, in call_next
    raise app_exc from app_exc.__cause__ or app_exc.__context__
  File "C:\Users\jpamb\AppData\Local\Temp\okto-r4-native-installed-zk_r383i\Lib\site-packages\starlette\middleware\base.py", line 149, in coro
    await self.app(scope, receive_or_disconnect, send_no_error)
  File "C:\Users\jpamb\AppData\Local\Temp\okto-r4-native-installed-zk_r383i\Lib\site-packages\starlette\middleware\exceptions.py", line 63, in __call__
    await wrap_app_handling_exceptions(self.app, conn)(scope, receive, send)
  File "C:\Users\jpamb\AppData\Local\Temp\okto-r4-native-installed-zk_r383i\Lib\site-packages\starlette\_exception_handler.py", line 53, in wrapped_app
    raise exc
  File "C:\Users\jpamb\AppData\Local\Temp\okto-r4-native-installed-zk_r383i\Lib\site-packages\starlette\_exception_handler.py", line 42, in wrapped_app
    await app(scope, receive, sender)
  File "C:\Users\jpamb\AppData\Local\Temp\okto-r4-native-installed-zk_r383i\Lib\site-packages\fastapi\middleware\asyncexitstack.py", line 18, in __call__
    await self.app(scope, receive, send)
  File "C:\Users\jpamb\AppData\Local\Temp\okto-r4-native-installed-zk_r383i\Lib\site-packages\starlette\routing.py", line 676, in __call__
    await self.middleware_stack(scope, receive, send)
  File "C:\Users\jpamb\AppData\Local\Temp\okto-r4-native-installed-zk_r383i\Lib\site-packages\fastapi\routing.py", line 2786, in app
    await route.handle(scope, receive, send)
  File "C:\Users\jpamb\AppData\Local\Temp\okto-r4-native-installed-zk_r383i\Lib\site-packages\fastapi\routing.py", line 1817, in handle
    await self.original_router.handle(scope, receive, send)
  File "C:\Users\jpamb\AppData\Local\Temp\okto-r4-native-installed-zk_r383i\Lib\site-packages\fastapi\routing.py", line 2869, in handle
    await included_router._handle_selected(scope, receive, send)
  File "C:\Users\jpamb\AppData\Local\Temp\okto-r4-native-installed-zk_r383i\Lib\site-packages\fastapi\routing.py", line 1843, in _handle_selected
    await original_route.handle(scope, receive, send)
  File "C:\Users\jpamb\AppData\Local\Temp\okto-r4-native-installed-zk_r383i\Lib\site-packages\fastapi\routing.py", line 1308, in handle
    await effective_context.app(scope, receive, send)
  File "C:\Users\jpamb\AppData\Local\Temp\okto-r4-native-installed-zk_r383i\Lib\site-packages\fastapi\routing.py", line 165, in app
    await wrap_app_handling_exceptions(app, request)(scope, receive, send)
  File "C:\Users\jpamb\AppData\Local\Temp\okto-r4-native-installed-zk_r383i\Lib\site-packages\starlette\_exception_handler.py", line 53, in wrapped_app
    raise exc
  File "C:\Users\jpamb\AppData\Local\Temp\okto-r4-native-installed-zk_r383i\Lib\site-packages\starlette\_exception_handler.py", line 42, in wrapped_app
    await app(scope, receive, sender)
  File "C:\Users\jpamb\AppData\Local\Temp\okto-r4-native-installed-zk_r383i\Lib\site-packages\fastapi\routing.py", line 151, in app
    response = await f(request)
               ^^^^^^^^^^^^^^^^
  File "C:\Users\jpamb\AppData\Local\Temp\okto-r4-native-installed-zk_r383i\Lib\site-packages\fastapi\routing.py", line 727, in app
    raw_response = await run_endpoint_function(
                   ^^^^^^^^^^^^^^^^^^^^^^^^^^^^
    ...<3 lines>...
    )
    ^
  File "C:\Users\jpamb\AppData\Local\Temp\okto-r4-native-installed-zk_r383i\Lib\site-packages\fastapi\routing.py", line 360, in run_endpoint_function
    return await dependant.call(**values)
           ^^^^^^^^^^^^^^^^^^^^^^^^^^^^^^
  File "C:\Users\jpamb\AppData\Local\Temp\okto-r4-native-installed-zk_r383i\Lib\site-packages\okto_nexus\adapters\inbound\http\runtime_v1.py", line 359, in publish_realization
    publication = await anyio.to_thread.run_sync(_publish)
                  ^^^^^^^^^^^^^^^^^^^^^^^^^^^^^^^^^^^^^^^^
  File "C:\Users\jpamb\AppData\Local\Temp\okto-r4-native-installed-zk_r383i\Lib\site-packages\anyio\to_thread.py", line 65, in run_sync
    return await get_async_backend().run_sync_in_worker_thread(
           ^^^^^^^^^^^^^^^^^^^^^^^^^^^^^^^^^^^^^^^^^^^^^^^^^^^^
        func, args, abandon_on_cancel=abandon_on_cancel, limiter=limiter
        ^^^^^^^^^^^^^^^^^^^^^^^^^^^^^^^^^^^^^^^^^^^^^^^^^^^^^^^^^^^^^^^^
    )
    ^
  File "C:\Users\jpamb\AppData\Local\Temp\okto-r4-native-installed-zk_r383i\Lib\site-packages\anyio\_backends\_asyncio.py", line 2706, in run_sync_in_worker_thread
    return await future
           ^^^^^^^^^^^^
  File "C:\Users\jpamb\AppData\Local\Temp\okto-r4-native-installed-zk_r383i\Lib\site-packages\anyio\_backends\_asyncio.py", line 1100, in run
    result = context.run(func, *args)
  File "C:\Users\jpamb\AppData\Local\Temp\okto-r4-native-installed-zk_r383i\Lib\site-packages\okto_nexus\adapters\inbound\http\runtime_v1.py", line 352, in _publish
    principal = verify_execution_ticket(
        factory, ticket=token, server_id=installation.server_id,
        executor_id=executor_id, scope="realization:publish",
    )
  File "C:\Users\jpamb\AppData\Local\Temp\okto-r4-native-installed-zk_r383i\Lib\site-packages\okto_nexus\adapters\outbound\sqlite\execution_tickets.py", line 271, in verify_execution_ticket
    raise OktoNexusError(ErrorCode.PERMISSION_DENIED,
                          "The execution ticket is invalid for this target.", {})
okto_nexus.errors.OktoNexusError: PERMISSION_DENIED: The execution ticket is invalid for this target.
=========================== short test summary info ===========================
FAILED D:\Projetos\Techridy\okto_labs_okto_nexus\tests\execution_r4\test_executor_onboarding_cli.py::test_connector_public_commands_publish_realization_over_tcp
1 failed in 8.93s
