........................................................................ [ 81%]
...............F                                                         [100%]
================================== FAILURES ===================================
_____________ test_public_runtime_cli_start_prompt_runs_as_child ______________
D:\Projetos\Techridy\okto_labs_okto_nexus\tests\execution_r4\test_remote_connection.py:670: in test_public_runtime_cli_start_prompt_runs_as_child
    test_owned_connector_reader_dispatches_five_actions_over_real_websocket(
D:\Projetos\Techridy\okto_labs_okto_nexus\tests\execution_r4\test_remote_connection.py:53: in test_owned_connector_reader_dispatches_five_actions_over_real_websocket
    acknowledge_execution_binding(store, binding=R4BindingView(**binding))
..\okto-r4-native-installed-zk_r383i\Lib\site-packages\okto_nexus_connector\services\execution_selection.py:66: in acknowledge_execution_binding
    store.update(lambda state: result.append(acknowledge_execution_binding_state(state, binding=binding)))
..\okto-r4-native-installed-zk_r383i\Lib\site-packages\okto_nexus_connector\storage\state_store.py:341: in update
    mutate(state)
..\okto-r4-native-installed-zk_r383i\Lib\site-packages\okto_nexus_connector\services\execution_selection.py:66: in <lambda>
    store.update(lambda state: result.append(acknowledge_execution_binding_state(state, binding=binding)))
                                             ^^^^^^^^^^^^^^^^^^^^^^^^^^^^^^^^^^^^^^^^^^^^^^^^^^^^^^^^^^^
..\okto-r4-native-installed-zk_r383i\Lib\site-packages\okto_nexus_connector\services\execution_selection.py:46: in acknowledge_execution_binding_state
    local = _local_for(state, binding)
            ^^^^^^^^^^^^^^^^^^^^^^^^^^
..\okto-r4-native-installed-zk_r383i\Lib\site-packages\okto_nexus_connector\services\execution_selection.py:31: in _local_for
    return _unique((r for r in state.realizations if r.server_id == binding.server_id and
..\okto-r4-native-installed-zk_r383i\Lib\site-packages\okto_nexus_connector\services\execution_selection.py:26: in _unique
    raise ConnectorError('BINDING_NOT_AUTHORIZED', 'execution_selection', message)
E   okto_nexus_connector.errors.ConnectorError: BINDING_NOT_AUTHORIZED (execution_selection): The approved local realization is missing or ambiguous.
============================== warnings summary ===============================
..\okto-r4-native-installed-zk_r383i\Lib\site-packages\fastapi\testclient.py:1
  C:\Users\jpamb\AppData\Local\Temp\okto-r4-native-installed-zk_r383i\Lib\site-packages\fastapi\testclient.py:1: StarletteDeprecationWarning: Using `httpx` with `starlette.testclient` is deprecated; install `httpx2` instead.
    from starlette.testclient import TestClient as TestClient  # noqa

-- Docs: https://docs.pytest.org/en/stable/how-to/capture-warnings.html
=========================== short test summary info ===========================
FAILED D:\Projetos\Techridy\okto_labs_okto_nexus\tests\execution_r4\test_remote_connection.py::test_public_runtime_cli_start_prompt_runs_as_child
1 failed, 87 passed, 1 warning in 252.64s (0:04:12)
