...E.................................................................... [ 86%]
...........                                                              [100%]
=================================== ERRORS ====================================
_ ERROR at setup of test_invalid_or_stale_decision_cannot_create_an_operation[other] _

fixturedef = <FixtureDef argname='opening' scope='function' baseid='test_native_decisions.py'>
request = <SubRequest 'opening' for <Function test_invalid_or_stale_decision_cannot_create_an_operation[other]>>

    @pytest.hookimpl(wrapper=True)
    def pytest_fixture_setup(fixturedef: FixtureDef, request) -> object | None:
        if (
            fixturedef.argname == "event_loop_policy"
            and fixturedef.func.__module__ != __name__
        ):
            warnings.warn(
                PytestDeprecationWarning(_EVENT_LOOP_POLICY_FIXTURE_DEPRECATION_WARNING),
            )
        asyncio_mode = _get_asyncio_mode(request.config)
        if not _is_asyncio_fixture_function(fixturedef.func):
            if asyncio_mode == Mode.STRICT:
                # Ignore async fixtures without explicit asyncio mark in strict mode
                # This applies to pytest_trio fixtures, for example
                return (yield)
            if not _is_coroutine_or_asyncgen(fixturedef.func):
>               return (yield)
                        ^^^^^

..\okto-r4-embedded-inventory-2z7k3itc\isolated\Lib\site-packages\pytest_asyncio\plugin.py:926: 
_ _ _ _ _ _ _ _ _ _ _ _ _ _ _ _ _ _ _ _ _ _ _ _ _ _ _ _ _ _ _ _ _ _ _ _ _ _ _ _
D:\Projetos\Techridy\okto_labs_okto_nexus\tests\execution_r4\test_open_bootstrap.py:26: in opening
    channel = negotiate(ws, info, revisions, lane, server, executor)
              ^^^^^^^^^^^^^^^^^^^^^^^^^^^^^^^^^^^^^^^^^^^^^^^^^^^^^^
D:\Projetos\Techridy\okto_labs_okto_nexus\tests\execution_r4\test_ns09.py:128: in negotiate
    welcome = ws.receive_json()
              ^^^^^^^^^^^^^^^^^
..\okto-r4-embedded-inventory-2z7k3itc\isolated\Lib\site-packages\starlette\testclient.py:197: in receive_json
    self._raise_on_close(message)
_ _ _ _ _ _ _ _ _ _ _ _ _ _ _ _ _ _ _ _ _ _ _ _ _ _ _ _ _ _ _ _ _ _ _ _ _ _ _ _

self = <starlette.testclient.WebSocketTestSession object at 0x000001E309FAA060>
message = {'type': 'websocket.close', 'code': 4403, 'reason': ''}

    def _raise_on_close(self, message: Message) -> None:
        if message["type"] == "websocket.close":
>           raise WebSocketDisconnect(code=message.get("code", 1000), reason=message.get("reason", ""))
E           starlette.websockets.WebSocketDisconnect

..\okto-r4-embedded-inventory-2z7k3itc\isolated\Lib\site-packages\starlette\testclient.py:150: WebSocketDisconnect
============================== warnings summary ===============================
..\okto-r4-embedded-inventory-2z7k3itc\isolated\Lib\site-packages\fastapi\testclient.py:1
  C:\Users\jpamb\AppData\Local\Temp\okto-r4-embedded-inventory-2z7k3itc\isolated\Lib\site-packages\fastapi\testclient.py:1: StarletteDeprecationWarning: Using `httpx` with `starlette.testclient` is deprecated; install `httpx2` instead.
    from starlette.testclient import TestClient as TestClient  # noqa

-- Docs: https://docs.pytest.org/en/stable/how-to/capture-warnings.html
=========================== short test summary info ===========================
ERROR D:\Projetos\Techridy\okto_labs_okto_nexus\tests\execution_r4\test_native_decisions.py::test_invalid_or_stale_decision_cannot_create_an_operation[other]
82 passed, 1 warning, 1 error in 1036.27s (0:17:16)
