FFFF.....................................................                [100%]
================================== FAILURES ===================================
_ test_terminal_failure_is_durable_and_scoped[claude_auth-PROVIDER_AUTH_REQUIRED] _
..\okto-nexus-connector-core\tests\test_native_failure_receipts.py:70: in test_terminal_failure_is_durable_and_scoped
    asyncio.run(run())
C:\Python313\Lib\asyncio\runners.py:194: in run
    return runner.run(main)
           ^^^^^^^^^^^^^^^^
C:\Python313\Lib\asyncio\runners.py:118: in run
    return self._loop.run_until_complete(task)
           ^^^^^^^^^^^^^^^^^^^^^^^^^^^^^^^^^^^
C:\Python313\Lib\asyncio\base_events.py:720: in run_until_complete
    return future.result()
           ^^^^^^^^^^^^^^^
..\okto-nexus-connector-core\tests\test_native_failure_receipts.py:66: in run
    assert not bridge.active_turn
E   assert not active_turn
E    +  where active_turn = <nexus_connector_core.native.runtime_bridge.CopiedAdapterSession object at 0x0000020CBC37D160>.active_turn
_ test_terminal_failure_is_durable_and_scoped[claude_error-NATIVE_OPERATION_FAILED] _
..\okto-nexus-connector-core\tests\test_native_failure_receipts.py:70: in test_terminal_failure_is_durable_and_scoped
    asyncio.run(run())
C:\Python313\Lib\asyncio\runners.py:194: in run
    return runner.run(main)
           ^^^^^^^^^^^^^^^^
C:\Python313\Lib\asyncio\runners.py:118: in run
    return self._loop.run_until_complete(task)
           ^^^^^^^^^^^^^^^^^^^^^^^^^^^^^^^^^^^
C:\Python313\Lib\asyncio\base_events.py:720: in run_until_complete
    return future.result()
           ^^^^^^^^^^^^^^^
..\okto-nexus-connector-core\tests\test_native_failure_receipts.py:66: in run
    assert not bridge.active_turn
E   assert not active_turn
E    +  where active_turn = <nexus_connector_core.native.runtime_bridge.CopiedAdapterSession object at 0x0000020CBC392990>.active_turn
_ test_terminal_failure_is_durable_and_scoped[claude_text-NATIVE_OPERATION_FAILED] _
..\okto-nexus-connector-core\tests\test_native_failure_receipts.py:70: in test_terminal_failure_is_durable_and_scoped
    asyncio.run(run())
C:\Python313\Lib\asyncio\runners.py:194: in run
    return runner.run(main)
           ^^^^^^^^^^^^^^^^
C:\Python313\Lib\asyncio\runners.py:118: in run
    return self._loop.run_until_complete(task)
           ^^^^^^^^^^^^^^^^^^^^^^^^^^^^^^^^^^^
C:\Python313\Lib\asyncio\base_events.py:720: in run_until_complete
    return future.result()
           ^^^^^^^^^^^^^^^
..\okto-nexus-connector-core\tests\test_native_failure_receipts.py:66: in run
    assert not bridge.active_turn
E   assert not active_turn
E    +  where active_turn = <nexus_connector_core.native.runtime_bridge.CopiedAdapterSession object at 0x0000020CBC393750>.active_turn
_ test_terminal_failure_is_durable_and_scoped[codex_auth-PROVIDER_AUTH_REQUIRED] _
..\okto-nexus-connector-core\tests\test_native_failure_receipts.py:70: in test_terminal_failure_is_durable_and_scoped
    asyncio.run(run())
C:\Python313\Lib\asyncio\runners.py:194: in run
    return runner.run(main)
           ^^^^^^^^^^^^^^^^
C:\Python313\Lib\asyncio\runners.py:118: in run
    return self._loop.run_until_complete(task)
           ^^^^^^^^^^^^^^^^^^^^^^^^^^^^^^^^^^^
C:\Python313\Lib\asyncio\base_events.py:720: in run_until_complete
    return future.result()
           ^^^^^^^^^^^^^^^
..\okto-nexus-connector-core\tests\test_native_failure_receipts.py:66: in run
    assert not bridge.active_turn
E   assert not active_turn
E    +  where active_turn = <nexus_connector_core.native.runtime_bridge.CopiedAdapterSession object at 0x0000020CBC3735C0>.active_turn
=========================== short test summary info ===========================
FAILED ..\okto-nexus-connector-core\tests\test_native_failure_receipts.py::test_terminal_failure_is_durable_and_scoped[claude_auth-PROVIDER_AUTH_REQUIRED]
FAILED ..\okto-nexus-connector-core\tests\test_native_failure_receipts.py::test_terminal_failure_is_durable_and_scoped[claude_error-NATIVE_OPERATION_FAILED]
FAILED ..\okto-nexus-connector-core\tests\test_native_failure_receipts.py::test_terminal_failure_is_durable_and_scoped[claude_text-NATIVE_OPERATION_FAILED]
FAILED ..\okto-nexus-connector-core\tests\test_native_failure_receipts.py::test_terminal_failure_is_durable_and_scoped[codex_auth-PROVIDER_AUTH_REQUIRED]
4 failed, 53 passed in 25.84s
