..........................................F............................. [ 37%]
........................................................................ [ 74%]
..................................................                       [100%]
================================== FAILURES ===================================
___ test_daemon_starts_registered_r4_control_without_legacy_fallback[True] ____

onboarding = (Deps(config=NexusConfig(home_dir=WindowsPath('C:/Users/jpamb/AppData/Local/Temp/pytest-of-jpamb/pytest-3930/test_daem...ent_id_hint': 'subject', 'executor_id': 'exe_497b06350b27b685fce9a30970b9788c', 'adapter_id': 'codex_app_server', ...})
tmp_path = WindowsPath('C:/Users/jpamb/AppData/Local/Temp/pytest-of-jpamb/pytest-3930/test_daemon_starts_registered_1')
monkeypatch = <_pytest.monkeypatch.MonkeyPatch object at 0x000001B407652BD0>
qualified = True

    @pytest.mark.parametrize('qualified', [False, True])
    def test_daemon_starts_registered_r4_control_without_legacy_fallback(onboarding, tmp_path, monkeypatch, qualified):
        from okto_nexus_connector.cli.main import main
        from okto_nexus_connector.daemon.app import DaemonApp
        from okto_nexus_connector.ipc.client import IPCClient
        from okto_nexus_connector.platform import paths
        from okto_nexus_connector.storage.state_store import StateStore
    
        deps, client, headers, _ = onboarding
        root = paths.state_dir(tmp_path / 'startup-connector')
        store = StateStore(paths.state_file(root))
        store.update(lambda state: state.preferences.update({'vault.fallback_file.approved': True}))
        monkeypatch.setenv('OKTO_NEXUS_CONNECTOR_VAULT', 'file')
        monkeypatch.setenv('OKTO_R4_LAB_REGISTRATION_KEY', headers['subject']['Authorization'].removeprefix('Bearer '))
        # A host without provider binaries still has an honest empty inventory.
        empty_path = tmp_path / 'empty-path'
        empty_path.mkdir()
        monkeypatch.setenv('PATH', str(empty_path))
        if qualified:
            info = {**executor_link.protocol_info(), 'remote_execution_ready': True,
                    'nxl_accepted': [R4_PREVIEW_REVISION]}
            monkeypatch.setattr(executor_link, 'protocol_info', lambda: info)
            monkeypatch.setattr(connections_v1, 'protocol_info', lambda: info)
    
        async def run():
            sock = socket.socket()
            sock.bind(('127.0.0.1', 0))
            sock.listen()
            port = sock.getsockname()[1]
            server = uvicorn.Server(uvicorn.Config(client.app, lifespan='off', log_level='error'))
            serving = asyncio.create_task(server.serve(sockets=[sock]))
            async def cli(*args):
                stream = io.StringIO()
                with redirect_stdout(stream):
                    code = await asyncio.to_thread(main,
                        ['--state-dir', str(root), '--json', '--non-interactive', *args])
                assert code == 0, stream.getvalue()
                return json.loads(stream.getvalue())
            daemon = running = None
            try:
                async with asyncio.timeout(5):
                    while not server.started:
                        if serving.done(): await serving
                        await asyncio.sleep(0.01)
                await cli('identity', 'add', '--server', f'http://127.0.0.1:{port}', '--alias', 'startup-agent',
                    '--agent', 'subject', '--credential-env', 'OKTO_R4_LAB_REGISTRATION_KEY')
                registered = await cli('executor', 'register', '--identity', 'startup-agent', '--label', 'Startup host')
                server_id, executor_id = registered['server_id'], registered['executor_id']
                last_generation = 0
                for boot in range(2 if qualified else 1):
                    daemon = DaemonApp(root)
                    running = asyncio.create_task(daemon.run_forever())
                    def ipc(op):
                        with IPCClient(daemon.ipc.transport, daemon.ipc.address, daemon.lock.ensure_token()) as observer:
                            return observer.call(op)
                    async with asyncio.timeout(10):
                        while True:
                            if running.done():
                                raise AssertionError(f'Daemon exited during startup: {await running}')
                            if daemon.ipc.address:
                                response = await asyncio.to_thread(ipc, 'status')
                                assert response['ok'], response
                                status = response['result']
                                control = status['r4_controls'].get(server_id)
                                if control and (control['control_ready'] if qualified else
                                                control['error_code'] == 'VERSION_INCOMPATIBLE'):
                                    break
                            await asyncio.sleep(0.02)
                    assert status['transports'] == {} and not control['execution_ready']
                    assert control['executor_id'] == executor_id and control['publication_sequence'] >= boot + 1
                    assert 'nxt4_' not in json.dumps(status)
                    with deps.connection_factory.unit_of_work(write=False) as uow:
                        executor = uow.connection.execute('SELECT control_state,generation FROM execution_executors '
                            'WHERE executor_id=?', (executor_id,)).fetchone()
                        inventory = uow.connection.execute('SELECT publication_sequence FROM execution_inventory_current '
                            'WHERE executor_id=?', (executor_id,)).fetchone()
                        assert inventory[0] == control['publication_sequence']
                        assert uow.connection.execute('SELECT COUNT(*) FROM execution_operations').fetchone()[0] == 0
                        assert uow.connection.execute('SELECT COUNT(*) FROM execution_control_lanes').fetchone()[0] == 0
                        if qualified:
                            assert executor['control_state'] == 'CONTROL_READY'
                            assert executor['generation'] > last_generation
                            last_generation = executor['generation']
                        else:
                            assert executor['control_state'] == 'DISCONNECTED'
                    stopped = await asyncio.to_thread(ipc, 'shutdown')
                    assert stopped['ok']
                    assert await asyncio.wait_for(running, 10) == 0
                    assert not daemon.r4_controls and not daemon.r4_executions
                    running = None
                final = store.load().execution_executors[0]
                assert final.executor_id == executor_id and final.inventory_publication_sequence >= (2 if qualified else 1)
                assert 'nxt4_' not in store.path.read_text()
            finally:
                if running is not None:
                    daemon.request_stop()
                    await asyncio.wait_for(running, 35)
                server.should_exit = True
                await asyncio.wait_for(serving, 5)
                sock.close()
>       asyncio.run(run())

D:\Projetos\Techridy\okto_labs_okto_nexus\tests\execution_r4\test_daemon_startup.py:121: 
_ _ _ _ _ _ _ _ _ _ _ _ _ _ _ _ _ _ _ _ _ _ _ _ _ _ _ _ _ _ _ _ _ _ _ _ _ _ _ _
C:\Python313\Lib\asyncio\runners.py:194: in run
    return runner.run(main)
           ^^^^^^^^^^^^^^^^
C:\Python313\Lib\asyncio\runners.py:118: in run
    return self._loop.run_until_complete(task)
           ^^^^^^^^^^^^^^^^^^^^^^^^^^^^^^^^^^^
C:\Python313\Lib\asyncio\base_events.py:720: in run_until_complete
    return future.result()
           ^^^^^^^^^^^^^^^
_ _ _ _ _ _ _ _ _ _ _ _ _ _ _ _ _ _ _ _ _ _ _ _ _ _ _ _ _ _ _ _ _ _ _ _ _ _ _ _

    async def run():
        sock = socket.socket()
        sock.bind(('127.0.0.1', 0))
        sock.listen()
        port = sock.getsockname()[1]
        server = uvicorn.Server(uvicorn.Config(client.app, lifespan='off', log_level='error'))
        serving = asyncio.create_task(server.serve(sockets=[sock]))
        async def cli(*args):
            stream = io.StringIO()
            with redirect_stdout(stream):
                code = await asyncio.to_thread(main,
                    ['--state-dir', str(root), '--json', '--non-interactive', *args])
            assert code == 0, stream.getvalue()
            return json.loads(stream.getvalue())
        daemon = running = None
        try:
            async with asyncio.timeout(5):
                while not server.started:
                    if serving.done(): await serving
                    await asyncio.sleep(0.01)
            await cli('identity', 'add', '--server', f'http://127.0.0.1:{port}', '--alias', 'startup-agent',
                '--agent', 'subject', '--credential-env', 'OKTO_R4_LAB_REGISTRATION_KEY')
            registered = await cli('executor', 'register', '--identity', 'startup-agent', '--label', 'Startup host')
            server_id, executor_id = registered['server_id'], registered['executor_id']
            last_generation = 0
            for boot in range(2 if qualified else 1):
                daemon = DaemonApp(root)
                running = asyncio.create_task(daemon.run_forever())
                def ipc(op):
                    with IPCClient(daemon.ipc.transport, daemon.ipc.address, daemon.lock.ensure_token()) as observer:
                        return observer.call(op)
                async with asyncio.timeout(10):
                    while True:
                        if running.done():
                            raise AssertionError(f'Daemon exited during startup: {await running}')
                        if daemon.ipc.address:
                            response = await asyncio.to_thread(ipc, 'status')
>                           assert response['ok'], response
E                           AssertionError: {'done': True, 'error': {'action': None, 'code': 'UNKNOWN', 'message': 'internal error; see daemon log', 'operation_id': None, ...}, 'ok': False, 'seq': 11}
E                           assert False

D:\Projetos\Techridy\okto_labs_okto_nexus\tests\execution_r4\test_daemon_startup.py:82: AssertionError
------------------------------ Captured log call ------------------------------
ERROR    okto_nexus_connector.ipc.server:server.py:167 internal error handling op 'status'
Traceback (most recent call last):
  File "C:\Users\jpamb\AppData\Local\Temp\okto-r4-native-installed-zk_r383i\Lib\site-packages\okto_nexus_connector\ipc\server.py", line 160, in _dispatch
    async for message in self._dispatcher(request):
        yield message
  File "C:\Users\jpamb\AppData\Local\Temp\okto-r4-native-installed-zk_r383i\Lib\site-packages\okto_nexus_connector\daemon\app.py", line 791, in dispatch
    state = self.store.load()
  File "C:\Users\jpamb\AppData\Local\Temp\okto-r4-native-installed-zk_r383i\Lib\site-packages\okto_nexus_connector\storage\state_store.py", line 210, in load
    raw = self.path.read_bytes()
  File "C:\Python313\Lib\pathlib\_abc.py", line 625, in read_bytes
    with self.open(mode='rb') as f:
         ~~~~~~~~~^^^^^^^^^^^
  File "C:\Python313\Lib\pathlib\_local.py", line 537, in open
    return io.open(self, mode, buffering, encoding, errors, newline)
           ~~~~~~~^^^^^^^^^^^^^^^^^^^^^^^^^^^^^^^^^^^^^^^^^^^^^^^^^^
PermissionError: [Errno 13] Permission denied: 'C:\\Users\\jpamb\\AppData\\Local\\Temp\\pytest-of-jpamb\\pytest-3930\\test_daemon_starts_registered_1\\startup-connector\\state.json'
============================== warnings summary ===============================
..\okto-r4-native-installed-zk_r383i\Lib\site-packages\fastapi\testclient.py:1
  C:\Users\jpamb\AppData\Local\Temp\okto-r4-native-installed-zk_r383i\Lib\site-packages\fastapi\testclient.py:1: StarletteDeprecationWarning: Using `httpx` with `starlette.testclient` is deprecated; install `httpx2` instead.
    from starlette.testclient import TestClient as TestClient  # noqa

-- Docs: https://docs.pytest.org/en/stable/how-to/capture-warnings.html
=========================== short test summary info ===========================
FAILED D:\Projetos\Techridy\okto_labs_okto_nexus\tests\execution_r4\test_daemon_startup.py::test_daemon_starts_registered_r4_control_without_legacy_fallback[True]
1 failed, 193 passed, 1 warning in 431.45s (0:07:11)
