Process 55572: "C:/Users/jpamb/AppData/Local/Temp/okto-r4-native-installed-zk_r383i/Scripts\python.exe" -I -X utf8 -c "import pytest
root='D:/Projetos/Techridy/okto_labs_okto_nexus'
raise SystemExit(pytest.main(['-c','C:/Users/jpamb/AppData/Local/Temp/okto-r4-canonical-installed/pytest.ini','--rootdir='+root+'/tests/execution_r4','--confcutdir='+root+'/tests/execution_r4',root+'/tests/execution_r4/test_ns14.py::test_ns14_04','-q','--tb=short','-o','junit_family=legacy','--junitxml='+root+'/plans/r4_execution/evidence/ns14-04-qualified.xml']))
"
Python v3.13.1 (C:\Python313\python.exe)

Thread 26372 (idle): "MainThread"
    wait (threading.py:359)
    result (concurrent\futures\_base.py:451)
    call (anyio\from_thread.py:340)
    wait_shutdown (starlette\testclient.py:521)
    _exit_wrapper (contextlib.py:482)
    __exit__ (contextlib.py:604)
    close (contextlib.py:627)
    __exit__ (starlette\testclient.py:528)
    opening (test_open_bootstrap.py:23)
    _teardown_yield_fixture (_pytest\fixtures.py:1014)
    finish (_pytest\fixtures.py:1156)
    teardown_exact (_pytest\runner.py:568)
    pytest_runtest_teardown (_pytest\runner.py:199)
    _multicall (pluggy\_callers.py:121)
    _hookexec (pluggy\_manager.py:120)
    __call__ (pluggy\_hooks.py:512)
    <lambda> (_pytest\runner.py:250)
    from_call (_pytest\runner.py:361)
    call_and_report (_pytest\runner.py:249)
    runtestprotocol (_pytest\runner.py:144)
    pytest_runtest_protocol (_pytest\runner.py:118)
    _multicall (pluggy\_callers.py:121)
    _hookexec (pluggy\_manager.py:120)
    __call__ (pluggy\_hooks.py:512)
    pytest_runtestloop (_pytest\main.py:408)
    _multicall (pluggy\_callers.py:121)
    _hookexec (pluggy\_manager.py:120)
    __call__ (pluggy\_hooks.py:512)
    _main (_pytest\main.py:384)
    wrap_session (_pytest\main.py:330)
    pytest_cmdline_main (_pytest\main.py:377)
    _multicall (pluggy\_callers.py:121)
    _hookexec (pluggy\_manager.py:120)
    __call__ (pluggy\_hooks.py:512)
    _main (_pytest\config\__init__.py:229)
    main (_pytest\config\__init__.py:201)
    <module> (<string>:3)
Thread 22340 (idle): "asyncio-portal-19e2edd0ec0"
    _poll (asyncio\windows_events.py:775)
    select (asyncio\windows_events.py:446)
    _run_once (asyncio\base_events.py:1995)
    run_forever (asyncio\base_events.py:678)
    run_until_complete (asyncio\base_events.py:707)
    run (asyncio\runners.py:118)
    run (anyio\_backends\_asyncio.py:2548)
    run (anyio\_core\_eventloop.py:83)
    run_blocking_portal (anyio\from_thread.py:538)
    run (threading.py:992)
    _bootstrap_inner (threading.py:1041)
    _bootstrap (threading.py:1012)
Thread 48740 (idle): "AnyIO worker thread"
    wait (threading.py:359)
    get (queue.py:202)
    run (anyio\_backends\_asyncio.py:1089)
    _bootstrap_inner (threading.py:1041)
    _bootstrap (threading.py:1012)
Thread 82316 (idle): "nexus-runtime-wake"
    receive (okto_nexus\adapters\outbound\runtime_wake.py:36)
    run (threading.py:992)
    _bootstrap_inner (threading.py:1041)
    _bootstrap (threading.py:1012)
Thread 58764 (idle): "nexus-command-close-0"
    wait (threading.py:363)
    get (queue.py:213)
    _worker (okto_nexus\application\runtime_command_dispatcher.py:79)
    run (threading.py:992)
    _bootstrap_inner (threading.py:1041)
    _bootstrap (threading.py:1012)
Thread 15684 (idle): "nexus-command-control-0"
    wait (threading.py:363)
    get (queue.py:213)
    _worker (okto_nexus\application\runtime_command_dispatcher.py:79)
    run (threading.py:992)
    _bootstrap_inner (threading.py:1041)
    _bootstrap (threading.py:1012)
Thread 38256 (idle): "nexus-command-control-1"
    wait (threading.py:363)
    get (queue.py:213)
    _worker (okto_nexus\application\runtime_command_dispatcher.py:79)
    run (threading.py:992)
    _bootstrap_inner (threading.py:1041)
    _bootstrap (threading.py:1012)
Thread 40124 (idle): "nexus-command-turn-0"
    wait (threading.py:363)
    get (queue.py:213)
    _worker (okto_nexus\application\runtime_command_dispatcher.py:79)
    run (threading.py:992)
    _bootstrap_inner (threading.py:1041)
    _bootstrap (threading.py:1012)
Thread 69140 (idle): "nexus-command-turn-1"
    wait (threading.py:363)
    get (queue.py:213)
    _worker (okto_nexus\application\runtime_command_dispatcher.py:79)
    run (threading.py:992)
    _bootstrap_inner (threading.py:1041)
    _bootstrap (threading.py:1012)
Thread 83200 (idle): "nexus-command-observation-0"
    wait (threading.py:363)
    get (queue.py:213)
    _worker (okto_nexus\application\runtime_command_dispatcher.py:79)
    run (threading.py:992)
    _bootstrap_inner (threading.py:1041)
    _bootstrap (threading.py:1012)
Thread 80536 (idle): "nexus-result-publication"
    wait (threading.py:363)
    get (queue.py:213)
    _publish_worker (okto_nexus\application\runtime_dispatcher.py:144)
    run (threading.py:992)
    _bootstrap_inner (threading.py:1041)
    _bootstrap (threading.py:1012)
Thread 81084 (idle): "nexus-dispatch-0"
    wait (threading.py:363)
    get (queue.py:213)
    _worker (okto_nexus\application\runtime_dispatcher.py:274)
    run (threading.py:992)
    _bootstrap_inner (threading.py:1041)
    _bootstrap (threading.py:1012)
Thread 20884 (idle): "nexus-dispatch-1"
    wait (threading.py:363)
    get (queue.py:213)
    _worker (okto_nexus\application\runtime_dispatcher.py:274)
    run (threading.py:992)
    _bootstrap_inner (threading.py:1041)
    _bootstrap (threading.py:1012)
Thread 53340 (idle): "nexus-dispatch-owner"
    wait (threading.py:363)
    wait_for (threading.py:394)
    _wait_for_wake (okto_nexus\application\runtime_dispatcher.py:166)
    _run (okto_nexus\application\runtime_dispatcher.py:183)
    run (threading.py:992)
    _bootstrap_inner (threading.py:1041)
    _bootstrap (threading.py:1012)
Thread 17624 (idle): "asyncio_0"
    _worker (concurrent\futures\thread.py:90)
    run (threading.py:992)
    _bootstrap_inner (threading.py:1041)
    _bootstrap (threading.py:1012)
Thread 33496 (idle): "asyncio_1"
    _worker (concurrent\futures\thread.py:90)
    run (threading.py:992)
    _bootstrap_inner (threading.py:1041)
    _bootstrap (threading.py:1012)
Thread 35640 (idle): "asyncio_2"
    _worker (concurrent\futures\thread.py:90)
    run (threading.py:992)
    _bootstrap_inner (threading.py:1041)
    _bootstrap (threading.py:1012)
