sssssssssssssssssssssssssssssssssssssssssssssssssssssssss............... [ 16%]
............s..ssssss................................s.................. [ 33%]
.........s...........sssssssss.......................s.................. [ 50%]
........................................................................ [ 67%]
........................................................................ [ 84%]
.............F...................................................        [100%]
================================== FAILURES ===================================
_ test_activation_does_not_replay_old_unread_and_legacy_notifications_do_not_duplicate_transport[False] _
D:\Projetos\Techridy\okto_labs_okto_nexus\tests\test_runtime_rollout.py:51: in test_activation_does_not_replay_old_unread_and_legacy_notifications_do_not_duplicate_transport
    assert opened["ok"], opened
E   AssertionError: {'ok': False, 'error': {'code': 'CONFLICT', 'message': 'Legacy native execution has moved to Core. Prepare and approve a canonical runtime binding before opening this endpoint.', 'details': {'migration_required': True}}}
E   assert False
============================== warnings summary ===============================
..\okto-r4-migration-resume-bkj6ies1\venv313\Lib\site-packages\fastapi\testclient.py:1
  C:\Users\jpamb\AppData\Local\Temp\okto-r4-migration-resume-bkj6ies1\venv313\Lib\site-packages\fastapi\testclient.py:1: StarletteDeprecationWarning: Using `httpx` with `starlette.testclient` is deprecated; install `httpx2` instead.
    from starlette.testclient import TestClient as TestClient  # noqa

test_harness_pi_connector.py::test_res_b2_reader_exit_signals_shutdown_even_if_on_child_exit_itself_raises
  C:\Users\jpamb\AppData\Local\Temp\okto-r4-migration-resume-bkj6ies1\venv313\Lib\site-packages\_pytest\threadexception.py:58: PytestUnhandledThreadExceptionWarning: Exception in thread pi-stdout

  Traceback (most recent call last):
    File "C:\Python313\Lib\threading.py", line 1041, in _bootstrap_inner
      self.run()
      ~~~~~~~~^^
    File "C:\Python313\Lib\threading.py", line 992, in run
      self._target(*self._args, **self._kwargs)
      ~~~~~~~~~~~~^^^^^^^^^^^^^^^^^^^^^^^^^^^^^
    File "D:\Projetos\Techridy\okto_labs_okto_nexus\tests\legacy_native_fixture\pi.py", line 423, in _read_stdout
      self._on_child_exit(returncode, self.stderr_tail())
      ~~~~~~~~~~~~~~~~~~~^^^^^^^^^^^^^^^^^^^^^^^^^^^^^^^^
    File "D:\Projetos\Techridy\okto_labs_okto_nexus\tests\test_harness_pi_connector.py", line 812, in exploding_on_child_exit
      raise RuntimeError("boom - injected failure in the death-report path itself")
  RuntimeError: boom - injected failure in the death-report path itself

  Enable tracemalloc to get traceback where the object was allocated.
  See https://docs.pytest.org/en/stable/how-to/capture-warnings.html#resource-warnings for more info.
    warnings.warn(pytest.PytestUnhandledThreadExceptionWarning(msg))

-- Docs: https://docs.pytest.org/en/stable/how-to/capture-warnings.html
=========================== short test summary info ===========================
FAILED D:\Projetos\Techridy\okto_labs_okto_nexus\tests\test_runtime_rollout.py::test_activation_does_not_replay_old_unread_and_legacy_notifications_do_not_duplicate_transport[False]
1 failed, 348 passed, 76 skipped, 2 warnings in 950.81s (0:15:50)
