F                                                                        [100%]
================================== FAILURES ===================================
___________ test_real_provider_through_public_connector_cli[pi_rpc] ___________
D:\Projetos\Techridy\okto_labs_okto_nexus\tests\execution_r4\test_real_connector_providers.py:48: in test_real_provider_through_public_connector_cli
    info = executor_link.protocol_info()
           ^^^^^^^^^^^^^^^^^^^^^^^^^^^^^
..\okto-r4-native-installed-zk_r383i\Lib\site-packages\okto_nexus\adapters\outbound\execution\core_inventory.py:36: in protocol_info
    core = _core()
           ^^^^^^^
..\okto-r4-native-installed-zk_r383i\Lib\site-packages\okto_nexus\adapters\outbound\execution\core_inventory.py:27: in _core
    raise RuntimeError(
E   RuntimeError: Core 0.2.43.dev0 is required for R4 inventory; installed 0.2.44.dev0
============================== warnings summary ===============================
..\okto-r4-native-installed-zk_r383i\Lib\site-packages\fastapi\testclient.py:1
  C:\Users\jpamb\AppData\Local\Temp\okto-r4-native-installed-zk_r383i\Lib\site-packages\fastapi\testclient.py:1: StarletteDeprecationWarning: Using `httpx` with `starlette.testclient` is deprecated; install `httpx2` instead.
    from starlette.testclient import TestClient as TestClient  # noqa

-- Docs: https://docs.pytest.org/en/stable/how-to/capture-warnings.html
=========================== short test summary info ===========================
FAILED D:\Projetos\Techridy\okto_labs_okto_nexus\tests\execution_r4\test_real_connector_providers.py::test_real_provider_through_public_connector_cli[pi_rpc]
1 failed, 2 deselected, 1 warning in 1.61s
