Process 40920: C:\Users\jpamb\AppData\Local\Temp\okto-r4-native-installed-zk_r383i\Scripts\python.exe -I -m pytest -c C:\Users\jpamb\AppData\Local\Temp\okto-r4-canonical-installed\pytest.ini --rootdir=D:\Projetos\Techridy\okto_labs_okto_nexus\tests\execution_r4 --confcutdir=D:\Projetos\Techridy\okto_labs_okto_nexus\tests\execution_r4 D:\Projetos\Techridy\okto_labs_okto_nexus\tests\execution_r4\test_real_connector_providers.py -k pi_rpc -q --tb=short --junitxml=D:\Projetos\Techridy\okto_labs_okto_nexus\plans\r4_execution\evidence\pi-opening-pi_rpc-installed.xml
Python v3.13.1 (C:\Python313\python.exe)

Thread 29788 (idle): "MainThread"
    _poll (asyncio\windows_events.py:775)
    select (asyncio\windows_events.py:446)
    _run_once (asyncio\base_events.py:1995)
    run_forever (asyncio\base_events.py:678)
    run_until_complete (asyncio\base_events.py:707)
    run (asyncio\runners.py:118)
    run (asyncio\runners.py:194)
    test_real_provider_through_public_connector_cli (test_real_connector_providers.py:286)
    pytest_pyfunc_call (_pytest\python.py:167)
    _multicall (pluggy\_callers.py:121)
    _hookexec (pluggy\_manager.py:120)
    __call__ (pluggy\_hooks.py:512)
    runtest (_pytest\python.py:1707)
    pytest_runtest_call (_pytest\runner.py:184)
    _multicall (pluggy\_callers.py:121)
    _hookexec (pluggy\_manager.py:120)
    __call__ (pluggy\_hooks.py:512)
    <lambda> (_pytest\runner.py:250)
    from_call (_pytest\runner.py:361)
    call_and_report (_pytest\runner.py:249)
    runtestprotocol (_pytest\runner.py:139)
    pytest_runtest_protocol (_pytest\runner.py:118)
    _multicall (pluggy\_callers.py:121)
    _hookexec (pluggy\_manager.py:120)
    __call__ (pluggy\_hooks.py:512)
    pytest_runtestloop (_pytest\main.py:408)
    _multicall (pluggy\_callers.py:121)
    _hookexec (pluggy\_manager.py:120)
    __call__ (pluggy\_hooks.py:512)
    _main (_pytest\main.py:384)
    wrap_session (_pytest\main.py:330)
    pytest_cmdline_main (_pytest\main.py:377)
    _multicall (pluggy\_callers.py:121)
    _hookexec (pluggy\_manager.py:120)
    __call__ (pluggy\_hooks.py:512)
    _main (_pytest\config\__init__.py:229)
    _console_main (_pytest\config\__init__.py:253)
    <module> (pytest\__main__.py:9)
    _run_code (<frozen runpy>:88)
    _run_module_as_main (<frozen runpy>:199)
Thread 6260 (idle): "nexus-runtime-wake"
    receive (okto_nexus\adapters\outbound\runtime_wake.py:36)
    run (threading.py:992)
    _bootstrap_inner (threading.py:1041)
    _bootstrap (threading.py:1012)
Thread 45508 (idle): "nexus-command-close-0"
    wait (threading.py:363)
    get (queue.py:213)
    _worker (okto_nexus\application\runtime_command_dispatcher.py:79)
    run (threading.py:992)
    _bootstrap_inner (threading.py:1041)
    _bootstrap (threading.py:1012)
Thread 53020 (idle): "nexus-command-control-0"
    wait (threading.py:363)
    get (queue.py:213)
    _worker (okto_nexus\application\runtime_command_dispatcher.py:79)
    run (threading.py:992)
    _bootstrap_inner (threading.py:1041)
    _bootstrap (threading.py:1012)
Thread 70980 (idle): "nexus-command-control-1"
    wait (threading.py:363)
    get (queue.py:213)
    _worker (okto_nexus\application\runtime_command_dispatcher.py:79)
    run (threading.py:992)
    _bootstrap_inner (threading.py:1041)
    _bootstrap (threading.py:1012)
Thread 71524 (idle): "nexus-command-turn-0"
    wait (threading.py:363)
    get (queue.py:213)
    _worker (okto_nexus\application\runtime_command_dispatcher.py:79)
    run (threading.py:992)
    _bootstrap_inner (threading.py:1041)
    _bootstrap (threading.py:1012)
Thread 12932 (idle): "nexus-command-turn-1"
    wait (threading.py:363)
    get (queue.py:213)
    _worker (okto_nexus\application\runtime_command_dispatcher.py:79)
    run (threading.py:992)
    _bootstrap_inner (threading.py:1041)
    _bootstrap (threading.py:1012)
Thread 74832 (idle): "nexus-command-observation-0"
    wait (threading.py:363)
    get (queue.py:213)
    _worker (okto_nexus\application\runtime_command_dispatcher.py:79)
    run (threading.py:992)
    _bootstrap_inner (threading.py:1041)
    _bootstrap (threading.py:1012)
Thread 7620 (idle): "nexus-result-publication"
    wait (threading.py:363)
    get (queue.py:213)
    _publish_worker (okto_nexus\application\runtime_dispatcher.py:144)
    run (threading.py:992)
    _bootstrap_inner (threading.py:1041)
    _bootstrap (threading.py:1012)
Thread 64184 (idle): "nexus-dispatch-0"
    wait (threading.py:363)
    get (queue.py:213)
    _worker (okto_nexus\application\runtime_dispatcher.py:274)
    run (threading.py:992)
    _bootstrap_inner (threading.py:1041)
    _bootstrap (threading.py:1012)
Thread 7484 (idle): "nexus-dispatch-1"
    wait (threading.py:363)
    get (queue.py:213)
    _worker (okto_nexus\application\runtime_dispatcher.py:274)
    run (threading.py:992)
    _bootstrap_inner (threading.py:1041)
    _bootstrap (threading.py:1012)
Thread 73952 (idle): "nexus-dispatch-owner"
    wait (threading.py:363)
    wait_for (threading.py:394)
    _wait_for_wake (okto_nexus\application\runtime_dispatcher.py:166)
    _run (okto_nexus\application\runtime_dispatcher.py:183)
    run (threading.py:992)
    _bootstrap_inner (threading.py:1041)
    _bootstrap (threading.py:1012)
Thread 59924 (idle): "asyncio_0"
    _worker (concurrent\futures\thread.py:90)
    run (threading.py:992)
    _bootstrap_inner (threading.py:1041)
    _bootstrap (threading.py:1012)
Thread 81956 (idle): "asyncio_1"
    _worker (concurrent\futures\thread.py:90)
    run (threading.py:992)
    _bootstrap_inner (threading.py:1041)
    _bootstrap (threading.py:1012)
Thread 74840 (idle): "asyncio_2"
    wait (threading.py:363)
    wait_for (threading.py:394)
    get (nexus_connector_core\native\event_buffers.py:157)
    events (nexus_connector_core\native\adapters\pi.py:869)
    _next_event (nexus_connector_core\native\runtime_bridge.py:55)
    run (concurrent\futures\thread.py:59)
    _worker (concurrent\futures\thread.py:93)
    run (threading.py:992)
    _bootstrap_inner (threading.py:1041)
    _bootstrap (threading.py:1012)
Thread 19948 (idle): "asyncio_3"
    _worker (concurrent\futures\thread.py:90)
    run (threading.py:992)
    _bootstrap_inner (threading.py:1041)
    _bootstrap (threading.py:1012)
Thread 83056 (idle): "asyncio_4"
    _worker (concurrent\futures\thread.py:90)
    run (threading.py:992)
    _bootstrap_inner (threading.py:1041)
    _bootstrap (threading.py:1012)
Thread 38788 (idle): "core-journal-worker"
    wait (threading.py:359)
    _next_item (nexus_connector_core\offloop.py:161)
    _run (nexus_connector_core\offloop.py:123)
    run (threading.py:992)
    _bootstrap_inner (threading.py:1041)
    _bootstrap (threading.py:1012)
Thread 82520 (idle): "core-slot-ledger-worker"
    wait (threading.py:359)
    _next_item (nexus_connector_core\offloop.py:161)
    _run (nexus_connector_core\offloop.py:123)
    run (threading.py:992)
    _bootstrap_inner (threading.py:1041)
    _bootstrap (threading.py:1012)
Thread 53680 (idle): "AnyIO worker thread"
    wait (threading.py:359)
    get (queue.py:202)
    run (anyio\_backends\_asyncio.py:1089)
    _bootstrap_inner (threading.py:1041)
    _bootstrap (threading.py:1012)
Thread 78248 (idle): "AnyIO worker thread"
    wait (threading.py:359)
    get (queue.py:202)
    run (anyio\_backends\_asyncio.py:1089)
    _bootstrap_inner (threading.py:1041)
    _bootstrap (threading.py:1012)
Thread 57728 (idle): "pi-stdout"
    byte_protocol_lines (nexus_connector_core\native\framing.py:34)
    _read_stdout (nexus_connector_core\native\adapters\pi.py:443)
    run (threading.py:992)
    _bootstrap_inner (threading.py:1041)
    _bootstrap (threading.py:1012)
Thread 49340 (idle): "pi-stderr"
    stderr_chunks (nexus_connector_core\native\framing.py:65)
    _read_stderr (nexus_connector_core\native\adapters\pi.py:569)
    run (threading.py:992)
    _bootstrap_inner (threading.py:1041)
    _bootstrap (threading.py:1012)
