F                                                                        [100%]
================================== FAILURES ===================================
___________ test_real_provider_through_public_connector_cli[pi_rpc] ___________
D:\Projetos\Techridy\okto_labs_okto_nexus\tests\execution_r4\test_real_connector_providers.py:334: in test_real_provider_through_public_connector_cli
    asyncio.run(run())
C:\Python313\Lib\asyncio\runners.py:194: in run
    return runner.run(main)
           ^^^^^^^^^^^^^^^^
C:\Python313\Lib\asyncio\runners.py:118: in run
    return self._loop.run_until_complete(task)
           ^^^^^^^^^^^^^^^^^^^^^^^^^^^^^^^^^^^
C:\Python313\Lib\asyncio\base_events.py:720: in run_until_complete
    return future.result()
           ^^^^^^^^^^^^^^^
D:\Projetos\Techridy\okto_labs_okto_nexus\tests\execution_r4\test_real_connector_providers.py:297: in run
    assert report["handoff_status"] == "COMPLETED", report
E   AssertionError: {'adapter': 'pi_rpc', 'server_release_gate_override': True, 'native_qualification_override': False, 'synthetic_native_factory': False, ...}
E   assert 'CLAIMED' == 'COMPLETED'
E     
E     - COMPLETED
E     + CLAIMED
============================== warnings summary ===============================
..\okto-r4-native-installed-zk_r383i\Lib\site-packages\fastapi\testclient.py:1
  C:\Users\jpamb\AppData\Local\Temp\okto-r4-native-installed-zk_r383i\Lib\site-packages\fastapi\testclient.py:1: StarletteDeprecationWarning: Using `httpx` with `starlette.testclient` is deprecated; install `httpx2` instead.
    from starlette.testclient import TestClient as TestClient  # noqa

-- Docs: https://docs.pytest.org/en/stable/how-to/capture-warnings.html
=========================== short test summary info ===========================
FAILED D:\Projetos\Techridy\okto_labs_okto_nexus\tests\execution_r4\test_real_connector_providers.py::test_real_provider_through_public_connector_cli[pi_rpc]
1 failed, 2 deselected, 1 warning in 292.79s (0:04:52)
