Process 81440: C:\Users\jpamb\AppData\Local\Temp\okto-r4-native-installed-zk_r383i\Scripts\python.exe -I -m pytest -c C:\Users\jpamb\AppData\Local\Temp\okto-r4-canonical-installed\pytest.ini --rootdir=D:\Projetos\Techridy\okto_labs_okto_nexus\tests\execution_r4 --confcutdir=D:\Projetos\Techridy\okto_labs_okto_nexus\tests\execution_r4 D:\Projetos\Techridy\okto_labs_okto_nexus\tests\execution_r4\test_real_connector_providers.py -k pi_rpc -q --tb=short --junitxml=D:\Projetos\Techridy\okto_labs_okto_nexus\plans\r4_execution\evidence\real-connector-pi_rpc-installed.xml
Python v3.13.1 (C:\Python313\python.exe)

Thread 68532 (active): "MainThread"
    create_default_context (ssl.py:717)
    create_ssl_context (httpx\_config.py:40)
    __init__ (httpx\_transports\default.py:297)
    _init_transport (httpx\_client.py:1445)
    __init__ (httpx\_client.py:1402)
    __aenter__ (okto_nexus_connector\transport\https_client.py:317)
    inspect (okto_nexus_connector\services\runtime_admission.py:213)
    run_runtime (okto_nexus_connector\cli\commands\runtime.py:64)
    cli (test_real_connector_providers.py:89)
    receipt (test_real_connector_providers.py:200)
    run (test_real_connector_providers.py:210)
    _run (asyncio\events.py:89)
    _run_once (asyncio\base_events.py:2033)
    run_forever (asyncio\base_events.py:678)
    run_until_complete (asyncio\base_events.py:707)
    run (asyncio\runners.py:118)
    run (asyncio\runners.py:194)
    test_real_provider_through_public_connector_cli (test_real_connector_providers.py:286)
    pytest_pyfunc_call (_pytest\python.py:167)
    _multicall (pluggy\_callers.py:121)
    _hookexec (pluggy\_manager.py:120)
    __call__ (pluggy\_hooks.py:512)
    runtest (_pytest\python.py:1707)
    pytest_runtest_call (_pytest\runner.py:184)
    _multicall (pluggy\_callers.py:121)
    _hookexec (pluggy\_manager.py:120)
    __call__ (pluggy\_hooks.py:512)
    <lambda> (_pytest\runner.py:250)
    from_call (_pytest\runner.py:361)
    call_and_report (_pytest\runner.py:249)
    runtestprotocol (_pytest\runner.py:139)
    pytest_runtest_protocol (_pytest\runner.py:118)
    _multicall (pluggy\_callers.py:121)
    _hookexec (pluggy\_manager.py:120)
    __call__ (pluggy\_hooks.py:512)
    pytest_runtestloop (_pytest\main.py:408)
    _multicall (pluggy\_callers.py:121)
    _hookexec (pluggy\_manager.py:120)
    __call__ (pluggy\_hooks.py:512)
    _main (_pytest\main.py:384)
    wrap_session (_pytest\main.py:330)
    pytest_cmdline_main (_pytest\main.py:377)
    _multicall (pluggy\_callers.py:121)
    _hookexec (pluggy\_manager.py:120)
    __call__ (pluggy\_hooks.py:512)
    _main (_pytest\config\__init__.py:229)
    _console_main (_pytest\config\__init__.py:253)
    <module> (pytest\__main__.py:9)
    _run_code (<frozen runpy>:88)
    _run_module_as_main (<frozen runpy>:199)
Thread 23896 (idle): "nexus-runtime-wake"
    receive (okto_nexus\adapters\outbound\runtime_wake.py:36)
    run (threading.py:992)
    _bootstrap_inner (threading.py:1041)
    _bootstrap (threading.py:1012)
Thread 61484 (idle): "nexus-command-close-0"
    wait (threading.py:363)
    get (queue.py:213)
    _worker (okto_nexus\application\runtime_command_dispatcher.py:79)
    run (threading.py:992)
    _bootstrap_inner (threading.py:1041)
    _bootstrap (threading.py:1012)
Thread 46792 (idle): "nexus-command-control-0"
    wait (threading.py:363)
    get (queue.py:213)
    _worker (okto_nexus\application\runtime_command_dispatcher.py:79)
    run (threading.py:992)
    _bootstrap_inner (threading.py:1041)
    _bootstrap (threading.py:1012)
Thread 52412 (idle): "nexus-command-control-1"
    wait (threading.py:363)
    get (queue.py:213)
    _worker (okto_nexus\application\runtime_command_dispatcher.py:79)
    run (threading.py:992)
    _bootstrap_inner (threading.py:1041)
    _bootstrap (threading.py:1012)
Thread 54704 (idle): "nexus-command-turn-0"
    wait (threading.py:363)
    get (queue.py:213)
    _worker (okto_nexus\application\runtime_command_dispatcher.py:79)
    run (threading.py:992)
    _bootstrap_inner (threading.py:1041)
    _bootstrap (threading.py:1012)
Thread 52720 (idle): "nexus-command-turn-1"
    wait (threading.py:363)
    get (queue.py:213)
    _worker (okto_nexus\application\runtime_command_dispatcher.py:79)
    run (threading.py:992)
    _bootstrap_inner (threading.py:1041)
    _bootstrap (threading.py:1012)
Thread 88644 (idle): "nexus-command-observation-0"
    wait (threading.py:363)
    get (queue.py:213)
    _worker (okto_nexus\application\runtime_command_dispatcher.py:79)
    run (threading.py:992)
    _bootstrap_inner (threading.py:1041)
    _bootstrap (threading.py:1012)
Thread 79688 (idle): "nexus-result-publication"
    wait (threading.py:363)
    get (queue.py:213)
    _publish_worker (okto_nexus\application\runtime_dispatcher.py:144)
    run (threading.py:992)
    _bootstrap_inner (threading.py:1041)
    _bootstrap (threading.py:1012)
Thread 25568 (idle): "nexus-dispatch-0"
    wait (threading.py:363)
    get (queue.py:213)
    _worker (okto_nexus\application\runtime_dispatcher.py:274)
    run (threading.py:992)
    _bootstrap_inner (threading.py:1041)
    _bootstrap (threading.py:1012)
Thread 9096 (idle): "nexus-dispatch-1"
    wait (threading.py:363)
    get (queue.py:213)
    _worker (okto_nexus\application\runtime_dispatcher.py:274)
    run (threading.py:992)
    _bootstrap_inner (threading.py:1041)
    _bootstrap (threading.py:1012)
Thread 73424 (idle): "nexus-dispatch-owner"
    wait (threading.py:363)
    wait_for (threading.py:394)
    _wait_for_wake (okto_nexus\application\runtime_dispatcher.py:166)
    _run (okto_nexus\application\runtime_dispatcher.py:183)
    run (threading.py:992)
    _bootstrap_inner (threading.py:1041)
    _bootstrap (threading.py:1012)
Thread 66640 (idle): "asyncio_0"
    _worker (concurrent\futures\thread.py:90)
    run (threading.py:992)
    _bootstrap_inner (threading.py:1041)
    _bootstrap (threading.py:1012)
Thread 68136 (active): "asyncio_1"
    _file_digest_counted (nexus_connector_core\build_identity.py:67)
    _add_entry (nexus_connector_core\build_identity.py:266)
    _add_tree (nexus_connector_core\build_identity.py:202)
    pi_build_identity (nexus_connector_core\build_identity.py:234)
    resolve_execution_selection (okto_nexus_connector\services\execution_selection.py:119)
    run (concurrent\futures\thread.py:59)
    _worker (concurrent\futures\thread.py:93)
    run (threading.py:992)
    _bootstrap_inner (threading.py:1041)
    _bootstrap (threading.py:1012)
Thread 72404 (idle): "asyncio_2"
    _worker (concurrent\futures\thread.py:90)
    run (threading.py:992)
    _bootstrap_inner (threading.py:1041)
    _bootstrap (threading.py:1012)
Thread 88884 (idle): "asyncio_3"
    _worker (concurrent\futures\thread.py:90)
    run (threading.py:992)
    _bootstrap_inner (threading.py:1041)
    _bootstrap (threading.py:1012)
Thread 38612 (idle): "asyncio_4"
    _worker (concurrent\futures\thread.py:90)
    run (threading.py:992)
    _bootstrap_inner (threading.py:1041)
    _bootstrap (threading.py:1012)
Thread 71412 (idle): "core-journal-worker"
    wait (threading.py:359)
    _next_item (nexus_connector_core\offloop.py:161)
    _run (nexus_connector_core\offloop.py:123)
    run (threading.py:992)
    _bootstrap_inner (threading.py:1041)
    _bootstrap (threading.py:1012)
Thread 52620 (idle): "core-slot-ledger-worker"
    wait (threading.py:359)
    _next_item (nexus_connector_core\offloop.py:161)
    _run (nexus_connector_core\offloop.py:123)
    run (threading.py:992)
    _bootstrap_inner (threading.py:1041)
    _bootstrap (threading.py:1012)
Thread 21284 (idle): "AnyIO worker thread"
    wait (threading.py:359)
    get (queue.py:202)
    run (anyio\_backends\_asyncio.py:1089)
    _bootstrap_inner (threading.py:1041)
    _bootstrap (threading.py:1012)
Thread 8776 (idle): "AnyIO worker thread"
    wait (threading.py:359)
    get (queue.py:202)
    run (anyio\_backends\_asyncio.py:1089)
    _bootstrap_inner (threading.py:1041)
    _bootstrap (threading.py:1012)
