F                                                                        [100%]
================================== FAILURES ===================================
___________ test_real_provider_through_public_connector_cli[pi_rpc] ___________
C:\Python313\Lib\asyncio\tasks.py:507: in wait_for
    return await fut
           ^^^^^^^^^
..\okto-r4-native-installed-zk_r383i\Lib\site-packages\okto_nexus_connector\daemon\app.py:334: in run_forever
    return await self._shutdown()
           ^^^^^^^^^^^^^^^^^^^^^^
..\okto-r4-native-installed-zk_r383i\Lib\site-packages\okto_nexus_connector\daemon\app.py:351: in _shutdown
    await control.stop()
..\okto-r4-native-installed-zk_r383i\Lib\site-packages\okto_nexus_connector\daemon\r4_control.py:94: in stop
    await asyncio.shield(self._task)
E   asyncio.exceptions.CancelledError

The above exception was the direct cause of the following exception:
D:\Projetos\Techridy\okto_labs_okto_nexus\tests\execution_r4\test_real_connector_providers.py:264: in test_real_provider_through_public_connector_cli
    asyncio.run(run())
C:\Python313\Lib\asyncio\runners.py:194: in run
    return runner.run(main)
           ^^^^^^^^^^^^^^^^
C:\Python313\Lib\asyncio\runners.py:118: in run
    return self._loop.run_until_complete(task)
           ^^^^^^^^^^^^^^^^^^^^^^^^^^^^^^^^^^^
C:\Python313\Lib\asyncio\base_events.py:720: in run_until_complete
    return future.result()
           ^^^^^^^^^^^^^^^
D:\Projetos\Techridy\okto_labs_okto_nexus\tests\execution_r4\test_real_connector_providers.py:246: in run
    await asyncio.wait_for(daemon_task, 60)
C:\Python313\Lib\asyncio\tasks.py:506: in wait_for
    async with timeouts.timeout(timeout):
               ^^^^^^^^^^^^^^^^^^^^^^^^^
C:\Python313\Lib\asyncio\timeouts.py:116: in __aexit__
    raise TimeoutError from exc_val
E   TimeoutError
============================== warnings summary ===============================
..\okto-r4-native-installed-zk_r383i\Lib\site-packages\fastapi\testclient.py:1
  C:\Users\jpamb\AppData\Local\Temp\okto-r4-native-installed-zk_r383i\Lib\site-packages\fastapi\testclient.py:1: StarletteDeprecationWarning: Using `httpx` with `starlette.testclient` is deprecated; install `httpx2` instead.
    from starlette.testclient import TestClient as TestClient  # noqa

-- Docs: https://docs.pytest.org/en/stable/how-to/capture-warnings.html
=========================== short test summary info ===========================
FAILED D:\Projetos\Techridy\okto_labs_okto_nexus\tests\execution_r4\test_real_connector_providers.py::test_real_provider_through_public_connector_cli[pi_rpc]
1 failed, 2 deselected, 1 warning in 239.15s (0:03:59)
