F                                                                        [100%]
================================== FAILURES ===================================
___________ test_real_provider_through_public_connector_cli[pi_rpc] ___________
D:\Projetos\Techridy\okto_labs_okto_nexus\tests\execution_r4\test_real_connector_providers.py:266: in test_real_provider_through_public_connector_cli
    asyncio.run(run())
C:\Python313\Lib\asyncio\runners.py:194: in run
    return runner.run(main)
           ^^^^^^^^^^^^^^^^
C:\Python313\Lib\asyncio\runners.py:118: in run
    return self._loop.run_until_complete(task)
           ^^^^^^^^^^^^^^^^^^^^^^^^^^^^^^^^^^^
C:\Python313\Lib\asyncio\base_events.py:720: in run_until_complete
    return future.result()
           ^^^^^^^^^^^^^^^
D:\Projetos\Techridy\okto_labs_okto_nexus\tests\execution_r4\test_real_connector_providers.py:198: in run
    report["open_stage"] = (await receipt("open", ("SUBMITTED", "SUCCEEDED")))["executor_stage"]
                            ^^^^^^^^^^^^^^^^^^^^^^^^^^^^^^^^^^^^^^^^^^^^^^^^^
D:\Projetos\Techridy\okto_labs_okto_nexus\tests\execution_r4\test_real_connector_providers.py:192: in receipt
    assert owner.failure is None, type(owner.failure).__name__
E   AssertionError: TypeError
E   assert TypeError("'NoneType' object is not callable") is None
E    +  where TypeError("'NoneType' object is not callable") = <okto_nexus_connector.services.r4_execution.R4ExecutionOwner object at 0x000001FE8E6E78C0>.failure
============================== warnings summary ===============================
..\okto-r4-native-installed-zk_r383i\Lib\site-packages\fastapi\testclient.py:1
  C:\Users\jpamb\AppData\Local\Temp\okto-r4-native-installed-zk_r383i\Lib\site-packages\fastapi\testclient.py:1: StarletteDeprecationWarning: Using `httpx` with `starlette.testclient` is deprecated; install `httpx2` instead.
    from starlette.testclient import TestClient as TestClient  # noqa

-- Docs: https://docs.pytest.org/en/stable/how-to/capture-warnings.html
=========================== short test summary info ===========================
FAILED D:\Projetos\Techridy\okto_labs_okto_nexus\tests\execution_r4\test_real_connector_providers.py::test_real_provider_through_public_connector_cli[pi_rpc]
1 failed, 2 deselected, 1 warning in 83.64s (0:01:23)
