Process 77272: "C:\Users\jpamb\AppData\Local\Temp\okto-r4-migration-resume-bkj6ies1\venv313\Scripts\python.exe" -I -c "import pytest; raise SystemExit(pytest.main(['-c', 'C:\\Users\\jpamb\\AppData\\Local\\Temp\\okto-r4-ns15-05-by411exj\\pytest.ini', '--rootdir=D:\\Projetos\\Techridy\\okto_labs_okto_nexus\\tests', '--confcutdir=D:\\Projetos\\Techridy\\okto_labs_okto_nexus\\tests\\execution_r4', '-o', 'asyncio_mode=auto', '-o', 'asyncio_default_fixture_loop_scope=function', 'D:\\Projetos\\Techridy\\okto_labs_okto_nexus\\tests\\execution_r4', '-q', '--tb=short', '--junitxml=D:\\Projetos\\Techridy\\okto_labs_okto_nexus\\plans\\r4_execution\\evidence\\ns15-05-all_r4.xml']))"
Python v3.13.1 (C:\Python313\python.exe)

Thread 35468 (idle): "MainThread"
    wait (threading.py:359)
    result (concurrent\futures\_base.py:451)
    call (anyio\from_thread.py:340)
    wait_shutdown (starlette\testclient.py:521)
    _exit_wrapper (contextlib.py:482)
    __exit__ (contextlib.py:604)
    close (contextlib.py:627)
    __exit__ (starlette\testclient.py:528)
    local_setup (test_local_realization.py:36)
    _teardown_yield_fixture (_pytest\fixtures.py:1014)
    finish (_pytest\fixtures.py:1156)
    teardown_exact (_pytest\runner.py:568)
    pytest_runtest_teardown (_pytest\runner.py:199)
    _multicall (pluggy\_callers.py:121)
    _hookexec (pluggy\_manager.py:120)
    __call__ (pluggy\_hooks.py:512)
    <lambda> (_pytest\runner.py:250)
    from_call (_pytest\runner.py:361)
    call_and_report (_pytest\runner.py:249)
    runtestprotocol (_pytest\runner.py:144)
    pytest_runtest_protocol (_pytest\runner.py:118)
    _multicall (pluggy\_callers.py:121)
    _hookexec (pluggy\_manager.py:120)
    __call__ (pluggy\_hooks.py:512)
    pytest_runtestloop (_pytest\main.py:408)
    _multicall (pluggy\_callers.py:121)
    _hookexec (pluggy\_manager.py:120)
    __call__ (pluggy\_hooks.py:512)
    _main (_pytest\main.py:384)
    wrap_session (_pytest\main.py:330)
    pytest_cmdline_main (_pytest\main.py:377)
    _multicall (pluggy\_callers.py:121)
    _hookexec (pluggy\_manager.py:120)
    __call__ (pluggy\_hooks.py:512)
    _main (_pytest\config\__init__.py:229)
    main (_pytest\config\__init__.py:201)
    <module> (<string>:1)
Thread 51516 (idle): "asyncio-portal-1d8435a3770"
    _poll (asyncio\windows_events.py:775)
    select (asyncio\windows_events.py:446)
    _run_once (asyncio\base_events.py:1995)
    run_forever (asyncio\base_events.py:678)
    run_until_complete (asyncio\base_events.py:707)
    run (asyncio\runners.py:118)
    run (anyio\_backends\_asyncio.py:2548)
    run (anyio\_core\_eventloop.py:83)
    run_blocking_portal (anyio\from_thread.py:538)
    run (threading.py:992)
    _bootstrap_inner (threading.py:1041)
    _bootstrap (threading.py:1012)
Thread 64864 (idle): "AnyIO worker thread"
    wait (threading.py:359)
    get (queue.py:202)
    run (anyio\_backends\_asyncio.py:1089)
    _bootstrap_inner (threading.py:1041)
    _bootstrap (threading.py:1012)
Thread 12000 (idle): "nexus-runtime-wake"
    receive (okto_nexus\adapters\outbound\runtime_wake.py:36)
    run (threading.py:992)
    _bootstrap_inner (threading.py:1041)
    _bootstrap (threading.py:1012)
Thread 55732 (idle): "nexus-command-close-0"
    wait (threading.py:363)
    get (queue.py:213)
    _worker (okto_nexus\application\runtime_command_dispatcher.py:79)
    run (threading.py:992)
    _bootstrap_inner (threading.py:1041)
    _bootstrap (threading.py:1012)
Thread 84932 (idle): "nexus-command-control-0"
    wait (threading.py:363)
    get (queue.py:213)
    _worker (okto_nexus\application\runtime_command_dispatcher.py:79)
    run (threading.py:992)
    _bootstrap_inner (threading.py:1041)
    _bootstrap (threading.py:1012)
Thread 16896 (idle): "nexus-command-control-1"
    wait (threading.py:363)
    get (queue.py:213)
    _worker (okto_nexus\application\runtime_command_dispatcher.py:79)
    run (threading.py:992)
    _bootstrap_inner (threading.py:1041)
    _bootstrap (threading.py:1012)
Thread 78844 (idle): "nexus-command-turn-0"
    wait (threading.py:363)
    get (queue.py:213)
    _worker (okto_nexus\application\runtime_command_dispatcher.py:79)
    run (threading.py:992)
    _bootstrap_inner (threading.py:1041)
    _bootstrap (threading.py:1012)
Thread 46816 (idle): "nexus-command-turn-1"
    wait (threading.py:363)
    get (queue.py:213)
    _worker (okto_nexus\application\runtime_command_dispatcher.py:79)
    run (threading.py:992)
    _bootstrap_inner (threading.py:1041)
    _bootstrap (threading.py:1012)
Thread 19484 (idle): "nexus-command-observation-0"
    wait (threading.py:363)
    get (queue.py:213)
    _worker (okto_nexus\application\runtime_command_dispatcher.py:79)
    run (threading.py:992)
    _bootstrap_inner (threading.py:1041)
    _bootstrap (threading.py:1012)
Thread 89660 (idle): "nexus-result-publication"
    wait (threading.py:363)
    get (queue.py:213)
    _publish_worker (okto_nexus\application\runtime_dispatcher.py:145)
    run (threading.py:992)
    _bootstrap_inner (threading.py:1041)
    _bootstrap (threading.py:1012)
Thread 19520 (idle): "nexus-dispatch-0"
    wait (threading.py:363)
    get (queue.py:213)
    _worker (okto_nexus\application\runtime_dispatcher.py:290)
    run (threading.py:992)
    _bootstrap_inner (threading.py:1041)
    _bootstrap (threading.py:1012)
Thread 35480 (idle): "nexus-dispatch-1"
    wait (threading.py:363)
    get (queue.py:213)
    _worker (okto_nexus\application\runtime_dispatcher.py:290)
    run (threading.py:992)
    _bootstrap_inner (threading.py:1041)
    _bootstrap (threading.py:1012)
Thread 41624 (idle): "nexus-dispatch-owner"
    wait (threading.py:363)
    wait_for (threading.py:394)
    _wait_for_wake (okto_nexus\application\runtime_dispatcher.py:167)
    _run (okto_nexus\application\runtime_dispatcher.py:184)
    run (threading.py:992)
    _bootstrap_inner (threading.py:1041)
    _bootstrap (threading.py:1012)
Thread 71912 (idle): "asyncio_0"
    _worker (concurrent\futures\thread.py:90)
    run (threading.py:992)
    _bootstrap_inner (threading.py:1041)
    _bootstrap (threading.py:1012)
Thread 89676 (idle): "asyncio_1"
    _worker (concurrent\futures\thread.py:90)
    run (threading.py:992)
    _bootstrap_inner (threading.py:1041)
    _bootstrap (threading.py:1012)
Thread 70772 (idle): "core-slot-ledger-worker"
    wait (threading.py:359)
    _next_item (nexus_connector_core\offloop.py:161)
    _run (nexus_connector_core\offloop.py:123)
    run (threading.py:992)
    _bootstrap_inner (threading.py:1041)
    _bootstrap (threading.py:1012)
Thread 9104 (idle): "core-journal-worker"
    wait (threading.py:359)
    _next_item (nexus_connector_core\offloop.py:161)
    _run (nexus_connector_core\offloop.py:123)
    run (threading.py:992)
    _bootstrap_inner (threading.py:1041)
    _bootstrap (threading.py:1012)
Thread 33840 (idle): "asyncio_2"
    _worker (concurrent\futures\thread.py:90)
    run (threading.py:992)
    _bootstrap_inner (threading.py:1041)
    _bootstrap (threading.py:1012)
