Process 23892: "C:/Users/jpamb/AppData/Local/Temp/okto-nexus-ci-staged-env/Scripts\python.exe" -I C:/Users/jpamb/AppData/Local/Temp/nexus_shutdown_probe.py
Python v3.13.1 (C:\Python313\python.exe)

Thread 3544 (idle): "MainThread"
    wait (threading.py:359)
    result (concurrent\futures\_base.py:451)
    call (anyio\from_thread.py:340)
    wait_shutdown (starlette\testclient.py:521)
    _exit_wrapper (contextlib.py:482)
    __exit__ (contextlib.py:604)
    close (contextlib.py:627)
    __exit__ (starlette\testclient.py:528)
    local_setup (test_local_realization.py:36)
    _teardown_yield_fixture (_pytest\fixtures.py:1014)
    finish (_pytest\fixtures.py:1156)
    teardown_exact (_pytest\runner.py:568)
    pytest_runtest_teardown (_pytest\runner.py:199)
    _multicall (pluggy\_callers.py:121)
    _hookexec (pluggy\_manager.py:120)
    __call__ (pluggy\_hooks.py:512)
    <lambda> (_pytest\runner.py:250)
    from_call (_pytest\runner.py:361)
    call_and_report (_pytest\runner.py:249)
    runtestprotocol (_pytest\runner.py:144)
    pytest_runtest_protocol (_pytest\runner.py:118)
    _multicall (pluggy\_callers.py:121)
    _hookexec (pluggy\_manager.py:120)
    __call__ (pluggy\_hooks.py:512)
    pytest_runtestloop (_pytest\main.py:408)
    _multicall (pluggy\_callers.py:121)
    _hookexec (pluggy\_manager.py:120)
    __call__ (pluggy\_hooks.py:512)
    _main (_pytest\main.py:384)
    wrap_session (_pytest\main.py:330)
    pytest_cmdline_main (_pytest\main.py:377)
    _multicall (pluggy\_callers.py:121)
    _hookexec (pluggy\_manager.py:120)
    __call__ (pluggy\_hooks.py:512)
    _main (_pytest\config\__init__.py:229)
    main (_pytest\config\__init__.py:201)
    <module> (nexus_shutdown_probe.py:37)
Thread 22996 (idle): "asyncio-portal-11307835e80"
    _poll (asyncio\windows_events.py:775)
    select (asyncio\windows_events.py:446)
    _run_once (asyncio\base_events.py:1995)
    run_forever (asyncio\base_events.py:678)
    run_until_complete (asyncio\base_events.py:707)
    run (asyncio\runners.py:118)
    run (anyio\_backends\_asyncio.py:2548)
    run (anyio\_core\_eventloop.py:83)
    run_blocking_portal (anyio\from_thread.py:538)
    run (threading.py:992)
    _bootstrap_inner (threading.py:1041)
    _bootstrap (threading.py:1012)
Thread 85864 (idle): "AnyIO worker thread"
    wait (threading.py:359)
    get (queue.py:202)
    run (anyio\_backends\_asyncio.py:1089)
    _bootstrap_inner (threading.py:1041)
    _bootstrap (threading.py:1012)
Thread 18676 (idle): "nexus-runtime-wake"
    receive (okto_nexus\adapters\outbound\runtime_wake.py:36)
    run (threading.py:992)
    _bootstrap_inner (threading.py:1041)
    _bootstrap (threading.py:1012)
Thread 76880 (idle): "nexus-command-close-0"
    wait (threading.py:363)
    get (queue.py:213)
    _worker (okto_nexus\application\runtime_command_dispatcher.py:79)
    run (threading.py:992)
    _bootstrap_inner (threading.py:1041)
    _bootstrap (threading.py:1012)
Thread 42032 (idle): "nexus-command-control-0"
    wait (threading.py:363)
    get (queue.py:213)
    _worker (okto_nexus\application\runtime_command_dispatcher.py:79)
    run (threading.py:992)
    _bootstrap_inner (threading.py:1041)
    _bootstrap (threading.py:1012)
Thread 88824 (idle): "nexus-command-control-1"
    wait (threading.py:363)
    get (queue.py:213)
    _worker (okto_nexus\application\runtime_command_dispatcher.py:79)
    run (threading.py:992)
    _bootstrap_inner (threading.py:1041)
    _bootstrap (threading.py:1012)
Thread 43380 (idle): "nexus-command-turn-0"
    wait (threading.py:363)
    get (queue.py:213)
    _worker (okto_nexus\application\runtime_command_dispatcher.py:79)
    run (threading.py:992)
    _bootstrap_inner (threading.py:1041)
    _bootstrap (threading.py:1012)
Thread 82024 (idle): "nexus-command-turn-1"
    wait (threading.py:363)
    get (queue.py:213)
    _worker (okto_nexus\application\runtime_command_dispatcher.py:79)
    run (threading.py:992)
    _bootstrap_inner (threading.py:1041)
    _bootstrap (threading.py:1012)
Thread 85540 (idle): "nexus-command-observation-0"
    wait (threading.py:363)
    get (queue.py:213)
    _worker (okto_nexus\application\runtime_command_dispatcher.py:79)
    run (threading.py:992)
    _bootstrap_inner (threading.py:1041)
    _bootstrap (threading.py:1012)
Thread 33204 (idle): "nexus-result-publication"
    wait (threading.py:363)
    get (queue.py:213)
    _publish_worker (okto_nexus\application\runtime_dispatcher.py:145)
    run (threading.py:992)
    _bootstrap_inner (threading.py:1041)
    _bootstrap (threading.py:1012)
Thread 2696 (idle): "nexus-dispatch-0"
    wait (threading.py:363)
    get (queue.py:213)
    _worker (okto_nexus\application\runtime_dispatcher.py:290)
    run (threading.py:992)
    _bootstrap_inner (threading.py:1041)
    _bootstrap (threading.py:1012)
Thread 72364 (idle): "nexus-dispatch-1"
    wait (threading.py:363)
    get (queue.py:213)
    _worker (okto_nexus\application\runtime_dispatcher.py:290)
    run (threading.py:992)
    _bootstrap_inner (threading.py:1041)
    _bootstrap (threading.py:1012)
Thread 88644 (idle): "nexus-dispatch-owner"
    wait (threading.py:363)
    wait_for (threading.py:394)
    _wait_for_wake (okto_nexus\application\runtime_dispatcher.py:167)
    _run (okto_nexus\application\runtime_dispatcher.py:184)
    run (threading.py:992)
    _bootstrap_inner (threading.py:1041)
    _bootstrap (threading.py:1012)
Thread 63272 (idle): "asyncio_0"
    _worker (concurrent\futures\thread.py:90)
    run (threading.py:992)
    _bootstrap_inner (threading.py:1041)
    _bootstrap (threading.py:1012)
Thread 50420 (idle): "asyncio_1"
    _worker (concurrent\futures\thread.py:90)
    run (threading.py:992)
    _bootstrap_inner (threading.py:1041)
    _bootstrap (threading.py:1012)
Thread 28104 (idle): "asyncio_2"
    _worker (concurrent\futures\thread.py:90)
    run (threading.py:992)
    _bootstrap_inner (threading.py:1041)
    _bootstrap (threading.py:1012)
Thread 45044 (idle): "core-slot-ledger-worker"
    wait (threading.py:359)
    _next_item (nexus_connector_core\offloop.py:161)
    _run (nexus_connector_core\offloop.py:123)
    run (threading.py:992)
    _bootstrap_inner (threading.py:1041)
    _bootstrap (threading.py:1012)
Thread 11532 (idle): "core-journal-worker"
    wait (threading.py:359)
    _next_item (nexus_connector_core\offloop.py:161)
    _run (nexus_connector_core\offloop.py:123)
    run (threading.py:992)
    _bootstrap_inner (threading.py:1041)
    _bootstrap (threading.py:1012)
Thread 2480 (idle): "asyncio_3"
    _worker (concurrent\futures\thread.py:90)
    run (threading.py:992)
    _bootstrap_inner (threading.py:1041)
    _bootstrap (threading.py:1012)
