Looking in links: c:\Users\jpamb\AppData\Local\Temp\core053-win313-wheelhouse, c:\Users\jpamb\AppData\Local\Temp\core053-win313-wheelhouse
Processing c:\users\jpamb\appdata\local\temp\core053-offline-stage\dist\nexus_connector_core-0.2.53.dev0-py3-none-any.whl
Processing c:\users\jpamb\appdata\local\temp\core053-win313-wheelhouse\rfc8785-0.1.4-py3-none-any.whl (from nexus-connector-core==0.2.53.dev0)
Processing c:\users\jpamb\appdata\local\temp\core053-win313-wheelhouse\jsonschema-4.26.0-py3-none-any.whl (from nexus-connector-core==0.2.53.dev0)
Processing c:\users\jpamb\appdata\local\temp\core053-win313-wheelhouse\attrs-26.1.0-py3-none-any.whl (from jsonschema==4.26.0->nexus-connector-core==0.2.53.dev0)
Processing c:\users\jpamb\appdata\local\temp\core053-win313-wheelhouse\jsonschema_specifications-2025.9.1-py3-none-any.whl (from jsonschema==4.26.0->nexus-connector-core==0.2.53.dev0)
Processing c:\users\jpamb\appdata\local\temp\core053-win313-wheelhouse\referencing-0.37.0-py3-none-any.whl (from jsonschema==4.26.0->nexus-connector-core==0.2.53.dev0)
Processing c:\users\jpamb\appdata\local\temp\core053-win313-wheelhouse\rpds_py-2026.6.3-cp313-cp313-win_amd64.whl (from jsonschema==4.26.0->nexus-connector-core==0.2.53.dev0)
Installing collected packages: rpds-py, rfc8785, attrs, referencing, jsonschema-specifications, jsonschema, nexus-connector-core
Successfully installed attrs-26.1.0 jsonschema-4.26.0 jsonschema-specifications-2025.9.1 nexus-connector-core-0.2.53.dev0 referencing-0.37.0 rfc8785-0.1.4 rpds-py-2026.6.3
Looking in links: c:\Users\jpamb\AppData\Local\Temp\core053-win313-wheelhouse, c:\Users\jpamb\AppData\Local\Temp\core053-win313-wheelhouse
Processing c:\users\jpamb\appdata\local\temp\core053-win313-wheelhouse\setuptools-84.0.0-py3-none-any.whl
Processing c:\users\jpamb\appdata\local\temp\core053-win313-wheelhouse\wheel-0.48.0-py3-none-any.whl
Processing c:\users\jpamb\appdata\local\temp\core053-win313-wheelhouse\packaging-26.3-py3-none-any.whl (from wheel)
Installing collected packages: setuptools, packaging, wheel
Successfully installed packaging-26.3 setuptools-84.0.0 wheel-0.48.0
Looking in links: c:\Users\jpamb\AppData\Local\Temp\core053-win313-wheelhouse, c:\Users\jpamb\AppData\Local\Temp\core053-win313-wheelhouse
Processing c:\users\jpamb\appdata\local\temp\core053-offline-stage\dist\nexus_connector_core-0.2.53.dev0.tar.gz
  Preparing metadata (pyproject.toml): started
  Preparing metadata (pyproject.toml): finished with status 'done'
Processing c:\users\jpamb\appdata\local\temp\core053-win313-wheelhouse\rfc8785-0.1.4-py3-none-any.whl (from nexus-connector-core==0.2.53.dev0)
Processing c:\users\jpamb\appdata\local\temp\core053-win313-wheelhouse\jsonschema-4.26.0-py3-none-any.whl (from nexus-connector-core==0.2.53.dev0)
Processing c:\users\jpamb\appdata\local\temp\core053-win313-wheelhouse\attrs-26.1.0-py3-none-any.whl (from jsonschema==4.26.0->nexus-connector-core==0.2.53.dev0)
Processing c:\users\jpamb\appdata\local\temp\core053-win313-wheelhouse\jsonschema_specifications-2025.9.1-py3-none-any.whl (from jsonschema==4.26.0->nexus-connector-core==0.2.53.dev0)
Processing c:\users\jpamb\appdata\local\temp\core053-win313-wheelhouse\referencing-0.37.0-py3-none-any.whl (from jsonschema==4.26.0->nexus-connector-core==0.2.53.dev0)
Processing c:\users\jpamb\appdata\local\temp\core053-win313-wheelhouse\rpds_py-2026.6.3-cp313-cp313-win_amd64.whl (from jsonschema==4.26.0->nexus-connector-core==0.2.53.dev0)
Building wheels for collected packages: nexus-connector-core
  Building wheel for nexus-connector-core (pyproject.toml): started
  Building wheel for nexus-connector-core (pyproject.toml): finished with status 'done'
  Created wheel for nexus-connector-core: filename=nexus_connector_core-0.2.53.dev0-py3-none-any.whl size=391111 sha256=1e5612e17d0768b699c07f9775d85afbb837dbe89ac81f365471fe403a579ac7
  Stored in directory: C:\Users\jpamb\AppData\Local\Temp\pip-ephem-wheel-cache-emkd1afw\wheels\e0\7d\57\4f113fc03116f555c0a195a276255b1e0af3a70fd4653ab52a
Successfully built nexus-connector-core
Installing collected packages: rpds-py, rfc8785, attrs, referencing, jsonschema-specifications, jsonschema, nexus-connector-core
Successfully installed attrs-26.1.0 jsonschema-4.26.0 jsonschema-specifications-2025.9.1 nexus-connector-core-0.2.53.dev0 referencing-0.37.0 rfc8785-0.1.4 rpds-py-2026.6.3
offline install and resources OK: nexus_connector_core-0.2.53.dev0-py3-none-any.whl
offline install and resources OK: nexus_connector_core-0.2.53.dev0.tar.gz
