SHA: 3c0eb84 + Linux portability worktree
COMMAND: wsl -d Ubuntu --cd /mnt/d/Projetos/Techridy/okto_labs_okto_nexus -- /var/tmp/okto-pr34-native-python-q84f5fav/venv/bin/python -m pytest -q tests/test_linux_process_ownership.py tests/test_runtime_restart.py tests/test_runtime_shutdown.py tests/test_runtime_outbox.py tests/test_runtime_result_correlation.py tests/test_runtime_shared_connection.py tests/test_runtime_process_ownership.py tests/test_runtime_event_journal.py tests/test_runtime_protocol_limits.py tests/test_harness_codex_connector.py tests/test_harness_pi_connector.py tests/test_harness_claude_code_connector.py tests/test_claude_code_attach_connector.py tests/test_runtime_attach_platform.py tests/test_import_boundary.py --tb=short -o faulthandler_timeout=60
.................................................sss.................. [ 30%]
..............................s...........................s............. [ 62%]
..............s.ssssss.................................................. [ 94%]
.............                                                            [100%]
=============================== warnings summary ===============================
tests/test_harness_pi_connector.py::test_res_b2_reader_exit_signals_shutdown_even_if_on_child_exit_itself_raises
  /var/tmp/okto-pr34-native-python-q84f5fav/venv/lib/python3.13/site-packages/_pytest/threadexception.py:58: PytestUnhandledThreadExceptionWarning: Exception in thread pi-stdout
  
  Traceback (most recent call last):
    File "/var/tmp/okto-pr34-native-python-q84f5fav/python/lib/python3.13/threading.py", line 1044, in _bootstrap_inner
      self.run()
      ~~~~~~~~^^
    File "/var/tmp/okto-pr34-native-python-q84f5fav/python/lib/python3.13/threading.py", line 995, in run
      self._target(*self._args, **self._kwargs)
      ~~~~~~~~~~~~^^^^^^^^^^^^^^^^^^^^^^^^^^^^^
    File "/mnt/d/Projetos/Techridy/okto_labs_okto_nexus/src/okto_nexus/adapters/outbound/harness/pi.py", line 422, in _read_stdout
      self._on_child_exit(returncode, self.stderr_tail())
      ~~~~~~~~~~~~~~~~~~~^^^^^^^^^^^^^^^^^^^^^^^^^^^^^^^^
    File "/mnt/d/Projetos/Techridy/okto_labs_okto_nexus/tests/test_harness_pi_connector.py", line 812, in exploding_on_child_exit
      raise RuntimeError("boom - injected failure in the death-report path itself")
  RuntimeError: boom - injected failure in the death-report path itself
  
  Enable tracemalloc to get traceback where the object was allocated.
  See https://docs.pytest.org/en/stable/how-to/capture-warnings.html#resource-warnings for more info.
    warnings.warn(pytest.PytestUnhandledThreadExceptionWarning(msg))

-- Docs: https://docs.pytest.org/en/stable/how-to/capture-warnings.html
215 passed, 12 skipped, 1 warning, 2 subtests passed in 209.97s (0:03:29)
